Archive member included to satisfy reference by file (symbol)

/Users/anna/.pico-sdk/toolchain/14_2_Rel1/bin/../lib/gcc/arm-none-eabi/14.2.1/../../../../arm-none-eabi/lib/thumb/v8-m.main+fp/softfp/libm.a(libm_a-wf_sqrt.o)
                              CMakeFiles/HW07.dir/Users/anna/.pico-sdk/sdk/2.1.1/src/rp2_common/pico_float/float_math.c.o (sqrtf)
/Users/anna/.pico-sdk/toolchain/14_2_Rel1/bin/../lib/gcc/arm-none-eabi/14.2.1/../../../../arm-none-eabi/lib/thumb/v8-m.main+fp/softfp/libm.a(libm_a-ef_sqrt.o)
                              /Users/anna/.pico-sdk/toolchain/14_2_Rel1/bin/../lib/gcc/arm-none-eabi/14.2.1/../../../../arm-none-eabi/lib/thumb/v8-m.main+fp/softfp/libm.a(libm_a-wf_sqrt.o) (__ieee754_sqrtf)
/Users/anna/.pico-sdk/toolchain/14_2_Rel1/bin/../lib/gcc/arm-none-eabi/14.2.1/thumb/v8-m.main+fp/softfp/libgcc.a(_arm_addsubdf3.o)
                              CMakeFiles/HW07.dir/HW07.c.o (__aeabi_f2d)
/Users/anna/.pico-sdk/toolchain/14_2_Rel1/bin/../lib/gcc/arm-none-eabi/14.2.1/thumb/v8-m.main+fp/softfp/libgcc.a(_aeabi_ldivmod.o)
                              CMakeFiles/HW07.dir/Users/anna/.pico-sdk/sdk/2.1.1/src/common/pico_time/time.c.o (__aeabi_ldivmod)
/Users/anna/.pico-sdk/toolchain/14_2_Rel1/bin/../lib/gcc/arm-none-eabi/14.2.1/thumb/v8-m.main+fp/softfp/libgcc.a(_aeabi_uldivmod.o)
                              CMakeFiles/HW07.dir/HW07.c.o (__aeabi_uldivmod)
/Users/anna/.pico-sdk/toolchain/14_2_Rel1/bin/../lib/gcc/arm-none-eabi/14.2.1/thumb/v8-m.main+fp/softfp/libgcc.a(_udivmoddi4.o)
                              /Users/anna/.pico-sdk/toolchain/14_2_Rel1/bin/../lib/gcc/arm-none-eabi/14.2.1/thumb/v8-m.main+fp/softfp/libgcc.a(_aeabi_ldivmod.o) (__udivmoddi4)
/Users/anna/.pico-sdk/toolchain/14_2_Rel1/bin/../lib/gcc/arm-none-eabi/14.2.1/thumb/v8-m.main+fp/softfp/libgcc.a(_dvmd_tls.o)
                              /Users/anna/.pico-sdk/toolchain/14_2_Rel1/bin/../lib/gcc/arm-none-eabi/14.2.1/thumb/v8-m.main+fp/softfp/libgcc.a(_aeabi_ldivmod.o) (__aeabi_ldiv0)
/Users/anna/.pico-sdk/toolchain/14_2_Rel1/bin/../lib/gcc/arm-none-eabi/14.2.1/../../../../arm-none-eabi/lib/thumb/v8-m.main+fp/softfp/libg.a(libc_a-calloc.o)
                              CMakeFiles/HW07.dir/Users/anna/.pico-sdk/sdk/2.1.1/src/rp2_common/pico_malloc/malloc.c.o (calloc)
/Users/anna/.pico-sdk/toolchain/14_2_Rel1/bin/../lib/gcc/arm-none-eabi/14.2.1/../../../../arm-none-eabi/lib/thumb/v8-m.main+fp/softfp/libg.a(libc_a-callocr.o)
                              /Users/anna/.pico-sdk/toolchain/14_2_Rel1/bin/../lib/gcc/arm-none-eabi/14.2.1/../../../../arm-none-eabi/lib/thumb/v8-m.main+fp/softfp/libg.a(libc_a-calloc.o) (_calloc_r)
/Users/anna/.pico-sdk/toolchain/14_2_Rel1/bin/../lib/gcc/arm-none-eabi/14.2.1/../../../../arm-none-eabi/lib/thumb/v8-m.main+fp/softfp/libg.a(libc_a-malloc.o)
                              CMakeFiles/HW07.dir/Users/anna/.pico-sdk/sdk/2.1.1/src/rp2_common/pico_malloc/malloc.c.o (malloc)
/Users/anna/.pico-sdk/toolchain/14_2_Rel1/bin/../lib/gcc/arm-none-eabi/14.2.1/../../../../arm-none-eabi/lib/thumb/v8-m.main+fp/softfp/libg.a(libc_a-mallocr.o)
                              /Users/anna/.pico-sdk/toolchain/14_2_Rel1/bin/../lib/gcc/arm-none-eabi/14.2.1/../../../../arm-none-eabi/lib/thumb/v8-m.main+fp/softfp/libg.a(libc_a-callocr.o) (_malloc_r)
/Users/anna/.pico-sdk/toolchain/14_2_Rel1/bin/../lib/gcc/arm-none-eabi/14.2.1/../../../../arm-none-eabi/lib/thumb/v8-m.main+fp/softfp/libg.a(libc_a-mlock.o)
                              /Users/anna/.pico-sdk/toolchain/14_2_Rel1/bin/../lib/gcc/arm-none-eabi/14.2.1/../../../../arm-none-eabi/lib/thumb/v8-m.main+fp/softfp/libg.a(libc_a-mallocr.o) (__malloc_lock)
/Users/anna/.pico-sdk/toolchain/14_2_Rel1/bin/../lib/gcc/arm-none-eabi/14.2.1/../../../../arm-none-eabi/lib/thumb/v8-m.main+fp/softfp/libg.a(libc_a-realloc.o)
                              CMakeFiles/HW07.dir/Users/anna/.pico-sdk/sdk/2.1.1/src/rp2_common/pico_malloc/malloc.c.o (realloc)
/Users/anna/.pico-sdk/toolchain/14_2_Rel1/bin/../lib/gcc/arm-none-eabi/14.2.1/../../../../arm-none-eabi/lib/thumb/v8-m.main+fp/softfp/libg.a(libc_a-reallocr.o)
                              /Users/anna/.pico-sdk/toolchain/14_2_Rel1/bin/../lib/gcc/arm-none-eabi/14.2.1/../../../../arm-none-eabi/lib/thumb/v8-m.main+fp/softfp/libg.a(libc_a-realloc.o) (_realloc_r)
/Users/anna/.pico-sdk/toolchain/14_2_Rel1/bin/../lib/gcc/arm-none-eabi/14.2.1/../../../../arm-none-eabi/lib/thumb/v8-m.main+fp/softfp/libg.a(libc_a-memcmp.o)
                              CMakeFiles/HW07.dir/Users/anna/.pico-sdk/sdk/2.1.1/src/rp2_common/pico_atomic/atomic.c.o (memcmp)
/Users/anna/.pico-sdk/toolchain/14_2_Rel1/bin/../lib/gcc/arm-none-eabi/14.2.1/../../../../arm-none-eabi/lib/thumb/v8-m.main+fp/softfp/libg.a(libc_a-memmove.o)
                              /Users/anna/.pico-sdk/toolchain/14_2_Rel1/bin/../lib/gcc/arm-none-eabi/14.2.1/../../../../arm-none-eabi/lib/thumb/v8-m.main+fp/softfp/libg.a(libc_a-reallocr.o) (memmove)
[...]
Memory Configuration

Name             Origin             Length             Attributes
FLASH            0x10000000         0x00400000         xr
RAM              0x20000000         0x00080000         xrw
SCRATCH_X        0x20080000         0x00001000         xrw
SCRATCH_Y        0x20081000         0x00001000         xrw
*default*        0x00000000         0xffffffff

Linker script and memory map

LOAD /Users/anna/.pico-sdk/toolchain/14_2_Rel1/bin/../lib/gcc/arm-none-eabi/14.2.1/thumb/v8-m.main+fp/softfp/crti.o
LOAD /Users/anna/.pico-sdk/toolchain/14_2_Rel1/bin/../lib/gcc/arm-none-eabi/14.2.1/thumb/v8-m.main+fp/softfp/crtbegin.o
LOAD /Users/anna/.pico-sdk/toolchain/14_2_Rel1/bin/../lib/gcc/arm-none-eabi/14.2.1/../../../../arm-none-eabi/lib/thumb/v8-m.main+fp/softfp/crt0.o

.flash_begin    0x10000000        0x0
                0x10000000                        __flash_binary_start = .

.text           0x10000000     0x6360
                0x10000000                        __logical_binary_start = .
 *(.vectors)
 .vectors       0x10000000      0x124 CMakeFiles/HW07.dir/Users/anna/.pico-sdk/sdk/2.1.1/src/rp2_common/pico_crt0/crt0.S.o
                0x10000000                __vectors
                0x10000000                __VECTOR_TABLE
                0x10000110                __default_isrs_start
                0x10000110                isr_invalid
                0x10000112                isr_nmi
                0x10000114                isr_hardfault
                0x10000116                isr_svcall
                0x10000118                isr_pendsv
                0x1000011a                isr_systick
                0x1000011c                isr_irq5
                0x1000011c                isr_irq11
                0x1000011c                isr_irq23
                0x1000011c                isr_irq48
                0x1000011c                isr_irq35
                0x1000011c                isr_irq18
                0x1000011c                isr_irq50
                0x1000011c                isr_irq40
                0x1000011c                isr_irq28
                0x1000011c                isr_irq19
                0x1000011c                isr_irq36
                0x1000011c                isr_irq41
                0x1000011c                isr_irq0
                0x1000011c                isr_irq6
                0x1000011c                isr_irq37
                0x1000011c                isr_irq42
                0x1000011c                isr_irq22
                0x1000011c                isr_irq17
                0x1000011c                isr_irq38
                0x1000011c                isr_irq14
                0x1000011c                isr_irq2
                0x1000011c                isr_irq10
                0x1000011c                isr_irq8
                0x1000011c                isr_irq24
                0x1000011c                isr_irq46
                0x1000011c                isr_irq1
                0x1000011c                isr_irq47
                0x1000011c                isr_irq51
                0x1000011c                isr_irq7
                0x1000011c                isr_irq21
                0x1000011c                isr_irq39
                0x1000011c                isr_irq20
                0x1000011c                isr_irq15
                0x1000011c                isr_irq25
                0x1000011c                isr_irq34
                0x1000011c                isr_irq4
                0x1000011c                isr_irq16
                0x1000011c                isr_irq44
                0x1000011c                isr_irq29
                0x1000011c                isr_irq26
                0x1000011c                __default_isrs_end
                0x1000011c                isr_irq33
                0x1000011c                isr_irq3
                0x1000011c                isr_irq9
                0x1000011c                __unhandled_user_irq
                0x1000011c                isr_irq49
                0x1000011c                isr_irq13
                0x1000011c                isr_irq43
                0x1000011c                isr_irq45
                0x1000011c                isr_irq27
                0x1000011c                isr_irq32
                0x1000011c                isr_irq31
                0x1000011c                isr_irq30
                0x1000011c                isr_irq12
                0x10000122                unhandled_user_irq_num_in_r0
 *(.binary_info_header)
 .binary_info_header
                0x10000124       0x14 CMakeFiles/HW07.dir/Users/anna/.pico-sdk/sdk/2.1.1/src/rp2_common/pico_crt0/crt0.S.o
                0x10000138                        __binary_info_header_end = .
 *(.embedded_block)
 .embedded_block
                0x10000138       0x14 CMakeFiles/HW07.dir/Users/anna/.pico-sdk/sdk/2.1.1/src/rp2_common/pico_crt0/crt0.S.o
                0x1000014c                        __embedded_block_end = .
 *(.reset)
 .reset         0x1000014c       0xa0 CMakeFiles/HW07.dir/Users/anna/.pico-sdk/sdk/2.1.1/src/rp2_common/pico_crt0/crt0.S.o
                0x1000014c                _entry_point
 *(.init)
 .init          0x100001ec        0x4 /Users/anna/.pico-sdk/toolchain/14_2_Rel1/bin/../lib/gcc/arm-none-eabi/14.2.1/thumb/v8-m.main+fp/softfp/crti.o
                0x100001ec                _init
 *libgcc.a:cmse_nonsecure_call.o()
 *(EXCLUDE_FILE(*libm.a: *libc.a:*lib_a-mem*.o *libgcc.a:) .text*)
 .text.register_tm_clones
                0x100001f0       0x28 /Users/anna/.pico-sdk/toolchain/14_2_Rel1/bin/../lib/gcc/arm-none-eabi/14.2.1/thumb/v8-m.main+fp/softfp/crtbegin.o
 .text.frame_dummy
                0x10000218       0x24 /Users/anna/.pico-sdk/toolchain/14_2_Rel1/bin/../lib/gcc/arm-none-eabi/14.2.1/thumb/v8-m.main+fp/softfp/crtbegin.o
 .text.startup.main
                0x1000023c      0x234 CMakeFiles/HW07.dir/HW07.c.o
                0x1000023c                main
 .text.ssd1306_update
                0x10000470       0xa4 CMakeFiles/HW07.dir/ssd1306.c.o
                0x10000470                ssd1306_update
 .text.ssd1306_setup
                0x10000514      0x228 CMakeFiles/HW07.dir/ssd1306.c.o
                0x10000514                ssd1306_setup
 .text.ssd1306_drawPixel
                0x1000073c       0x3c CMakeFiles/HW07.dir/ssd1306.c.o
                0x1000073c                ssd1306_drawPixel
 .text.ssd1306_clear
                0x10000778       0x1c CMakeFiles/HW07.dir/ssd1306.c.o
                0x10000778                ssd1306_clear
 .text.gpio_set_function
                0x10000794       0x3c CMakeFiles/HW07.dir/Users/anna/.pico-sdk/sdk/2.1.1/src/rp2_common/hardware_gpio/gpio.c.o
                0x10000794                gpio_set_function
 .text.gpio_set_pulls
                0x100007d0       0x28 CMakeFiles/HW07.dir/Users/anna/.pico-sdk/sdk/2.1.1/src/rp2_common/hardware_gpio/gpio.c.o
                0x100007d0                gpio_set_pulls
 .text.gpio_set_input_enabled
                0x100007f8       0x20 CMakeFiles/HW07.dir/Users/anna/.pico-sdk/sdk/2.1.1/src/rp2_common/hardware_gpio/gpio.c.o
                0x100007f8                gpio_set_input_enabled
 .text.gpio_init
                0x10000818       0x48 CMakeFiles/HW07.dir/Users/anna/.pico-sdk/sdk/2.1.1/src/rp2_common/hardware_gpio/gpio.c.o
                0x10000818                gpio_init
 .text.panic    0x10000860       0x30 CMakeFiles/HW07.dir/Users/anna/.pico-sdk/sdk/2.1.1/src/rp2_common/pico_platform_panic/panic.c.o
                0x10000860                panic
 .text.hw_claim_or_assert
                0x10000890       0x58 CMakeFiles/HW07.dir/Users/anna/.pico-sdk/sdk/2.1.1/src/common/hardware_claim/claim.c.o
                0x10000890                hw_claim_or_assert
 .text.hw_claim_unused_from_range
                0x100008e8       0x80 CMakeFiles/HW07.dir/Users/anna/.pico-sdk/sdk/2.1.1/src/common/hardware_claim/claim.c.o
                0x100008e8                hw_claim_unused_from_range
 .text.next_striped_spin_lock_num
                0x10000968       0x18 CMakeFiles/HW07.dir/Users/anna/.pico-sdk/sdk/2.1.1/src/rp2_common/hardware_sync/sync.c.o
                0x10000968                next_striped_spin_lock_num
 .text.spin_lock_claim_unused
                0x10000980       0x20 CMakeFiles/HW07.dir/Users/anna/.pico-sdk/sdk/2.1.1/src/rp2_common/hardware_sync/sync.c.o
                0x10000980                spin_lock_claim_unused
 .text.spinlock_set_extexclall
                0x100009a0       0x10 CMakeFiles/HW07.dir/Users/anna/.pico-sdk/sdk/2.1.1/src/rp2_common/hardware_sync_spin_lock/sync_spin_lock.c.o
 .text.spin_locks_reset
                0x100009b0       0x18 CMakeFiles/HW07.dir/Users/anna/.pico-sdk/sdk/2.1.1/src/rp2_common/hardware_sync_spin_lock/sync_spin_lock.c.o
                0x100009b0                spin_locks_reset
 .text.runtime_init_per_core_irq_priorities
                0x100009c8       0x40 CMakeFiles/HW07.dir/Users/anna/.pico-sdk/sdk/2.1.1/src/rp2_common/hardware_irq/irq.c.o
                0x100009c8                runtime_init_per_core_irq_priorities
 .text.irq_set_enabled
                0x10000a08       0x2c CMakeFiles/HW07.dir/Users/anna/.pico-sdk/sdk/2.1.1/src/rp2_common/hardware_irq/irq.c.o
                0x10000a08                irq_set_enabled
 .text.irq_is_enabled
                0x10000a34       0x20 CMakeFiles/HW07.dir/Users/anna/.pico-sdk/sdk/2.1.1/src/rp2_common/hardware_irq/irq.c.o
                0x10000a34                irq_is_enabled
 .text.irq_set_pending
                0x10000a54       0x18 CMakeFiles/HW07.dir/Users/anna/.pico-sdk/sdk/2.1.1/src/rp2_common/hardware_irq/irq.c.o
                0x10000a54                irq_set_pending
 .text.irq_has_shared_handler
                0x10000a6c       0x20 CMakeFiles/HW07.dir/Users/anna/.pico-sdk/sdk/2.1.1/src/rp2_common/hardware_irq/irq.c.o
                0x10000a6c                irq_has_shared_handler
 .text.irq_set_exclusive_handler
                0x10000a8c       0x60 CMakeFiles/HW07.dir/Users/anna/.pico-sdk/sdk/2.1.1/src/rp2_common/hardware_irq/irq.c.o
                0x10000a8c                irq_set_exclusive_handler
 .text.irq_add_shared_handler
                0x10000aec      0x1e8 CMakeFiles/HW07.dir/Users/anna/.pico-sdk/sdk/2.1.1/src/rp2_common/hardware_irq/irq.c.o
                0x10000aec                irq_add_shared_handler
 .text.irq_add_tail_to_free_list
                0x10000cd4       0xbc CMakeFiles/HW07.dir/Users/anna/.pico-sdk/sdk/2.1.1/src/rp2_common/hardware_irq/irq.c.o
                0x10000cd4                irq_add_tail_to_free_list
 .text.user_irq_claim_unused
                0x10000d90       0x28 CMakeFiles/HW07.dir/Users/anna/.pico-sdk/sdk/2.1.1/src/rp2_common/hardware_irq/irq.c.o
                0x10000d90                user_irq_claim_unused
 .text.lock_init
                0x10000db8        0xc CMakeFiles/HW07.dir/Users/anna/.pico-sdk/sdk/2.1.1/src/common/pico_sync/lock_core.c.o
                0x10000db8                lock_init
 .text.runtime_init_mutex
                0x10000dc4       0x4c CMakeFiles/HW07.dir/Users/anna/.pico-sdk/sdk/2.1.1/src/common/pico_sync/mutex.c.o
                0x10000dc4                runtime_init_mutex
 .text.mutex_init
                0x10000e10       0x1c CMakeFiles/HW07.dir/Users/anna/.pico-sdk/sdk/2.1.1/src/common/pico_sync/mutex.c.o
                0x10000e10                mutex_init
 .text.critical_section_init
                0x10000e2c       0x1c CMakeFiles/HW07.dir/Users/anna/.pico-sdk/sdk/2.1.1/src/common/pico_sync/critical_section.c.o
                0x10000e2c                critical_section_init
 .text.critical_section_init_with_lock_num
                0x10000e48       0x10 CMakeFiles/HW07.dir/Users/anna/.pico-sdk/sdk/2.1.1/src/common/pico_sync/critical_section.c.o
                0x10000e48                critical_section_init_with_lock_num
 .text.sleep_until_callback
                0x10000e58       0x3c CMakeFiles/HW07.dir/Users/anna/.pico-sdk/sdk/2.1.1/src/common/pico_time/time.c.o
 *fill*         0x10000e94        0x4 
 .text.alarm_pool_irq_handler
                0x10000e98      0x2f0 CMakeFiles/HW07.dir/Users/anna/.pico-sdk/sdk/2.1.1/src/common/pico_time/time.c.o
 .text.runtime_init_default_alarm_pool
                0x10001188      0x100 CMakeFiles/HW07.dir/Users/anna/.pico-sdk/sdk/2.1.1/src/common/pico_time/time.c.o
                0x10001188                runtime_init_default_alarm_pool
 .text.alarm_pool_get_default
                0x10001288        0x8 CMakeFiles/HW07.dir/Users/anna/.pico-sdk/sdk/2.1.1/src/common/pico_time/time.c.o
                0x10001288                alarm_pool_get_default
 .text.alarm_pool_add_alarm_at
                0x10001290       0xdc CMakeFiles/HW07.dir/Users/anna/.pico-sdk/sdk/2.1.1/src/common/pico_time/time.c.o
                0x10001290                alarm_pool_add_alarm_at
 .text.alarm_pool_add_alarm_at_force_in_context
                0x1000136c       0xc8 CMakeFiles/HW07.dir/Users/anna/.pico-sdk/sdk/2.1.1/src/common/pico_time/time.c.o
                0x1000136c                alarm_pool_add_alarm_at_force_in_context
 .text.alarm_pool_cancel_alarm
                0x10001434       0x80 CMakeFiles/HW07.dir/Users/anna/.pico-sdk/sdk/2.1.1/src/common/pico_time/time.c.o
                0x10001434                alarm_pool_cancel_alarm
 .text.alarm_pool_core_num
                0x100014b4        0x4 CMakeFiles/HW07.dir/Users/anna/.pico-sdk/sdk/2.1.1/src/common/pico_time/time.c.o
                0x100014b4                alarm_pool_core_num
 .text.sleep_ms
                0x100014b8       0xdc CMakeFiles/HW07.dir/Users/anna/.pico-sdk/sdk/2.1.1/src/common/pico_time/time.c.o
                0x100014b8                sleep_ms
 .text.best_effort_wfe_or_timeout
                0x10001594       0xd4 CMakeFiles/HW07.dir/Users/anna/.pico-sdk/sdk/2.1.1/src/common/pico_time/time.c.o
                0x10001594                best_effort_wfe_or_timeout
 .text.timer_hardware_alarm_claim
                0x10001668       0x24 CMakeFiles/HW07.dir/Users/anna/.pico-sdk/sdk/2.1.1/src/rp2_common/hardware_timer/timer.c.o
                0x10001668                timer_hardware_alarm_claim
 .text.timer_time_us_64
                0x1000168c       0x10 CMakeFiles/HW07.dir/Users/anna/.pico-sdk/sdk/2.1.1/src/rp2_common/hardware_timer/timer.c.o
                0x1000168c                timer_time_us_64
 .text.time_us_64
                0x1000169c       0x14 CMakeFiles/HW07.dir/Users/anna/.pico-sdk/sdk/2.1.1/src/rp2_common/hardware_timer/timer.c.o
                0x1000169c                time_us_64
 .text.busy_wait_until
                0x100016b0       0x24 CMakeFiles/HW07.dir/Users/anna/.pico-sdk/sdk/2.1.1/src/rp2_common/hardware_timer/timer.c.o
                0x100016b0                busy_wait_until
 .text.clock_configure_undivided
                0x100016d4       0xd0 CMakeFiles/HW07.dir/Users/anna/.pico-sdk/sdk/2.1.1/src/rp2_common/hardware_clocks/clocks.c.o
                0x100016d4                clock_configure_undivided
 .text.clock_get_hz
                0x100017a4        0xc CMakeFiles/HW07.dir/Users/anna/.pico-sdk/sdk/2.1.1/src/rp2_common/hardware_clocks/clocks.c.o
                0x100017a4                clock_get_hz
 .text.pll_init
                0x100017b0       0x8c CMakeFiles/HW07.dir/Users/anna/.pico-sdk/sdk/2.1.1/src/rp2_common/hardware_pll/pll.c.o
                0x100017b0                pll_init
 .text.watchdog_reboot
                0x1000183c       0x98 CMakeFiles/HW07.dir/Users/anna/.pico-sdk/sdk/2.1.1/src/rp2_common/hardware_watchdog/watchdog.c.o
                0x1000183c                watchdog_reboot
 .text.tick_start
                0x100018d4       0x18 CMakeFiles/HW07.dir/Users/anna/.pico-sdk/sdk/2.1.1/src/rp2_common/hardware_ticks/ticks.c.o
                0x100018d4                tick_start
 .text.rom_reboot.constprop.0.isra.0
                0x100018ec       0x34 CMakeFiles/HW07.dir/Users/anna/.pico-sdk/sdk/2.1.1/src/rp2_common/pico_bootrom/bootrom.c.o
 .text.rom_func_lookup
                0x10001920       0x18 CMakeFiles/HW07.dir/Users/anna/.pico-sdk/sdk/2.1.1/src/rp2_common/pico_bootrom/bootrom.c.o
                0x10001920                rom_func_lookup
 .text.rom_reset_usb_boot_extra
                0x10001938       0x1c CMakeFiles/HW07.dir/Users/anna/.pico-sdk/sdk/2.1.1/src/rp2_common/pico_bootrom/bootrom.c.o
                0x10001938                rom_reset_usb_boot_extra
 .text.runtime_init_bootrom_locking_enable
                0x10001954       0x14 CMakeFiles/HW07.dir/Users/anna/.pico-sdk/sdk/2.1.1/src/rp2_common/pico_bootrom/bootrom_lock.c.o
                0x10001954                runtime_init_bootrom_locking_enable
 .text.runtime_init_boot_locks_reset
                0x10001968       0x1c CMakeFiles/HW07.dir/Users/anna/.pico-sdk/sdk/2.1.1/src/rp2_common/hardware_boot_lock/boot_lock.c.o
                0x10001968                runtime_init_boot_locks_reset
 .text.xosc_init
                0x10001984       0x30 CMakeFiles/HW07.dir/Users/anna/.pico-sdk/sdk/2.1.1/src/rp2_common/hardware_xosc/xosc.c.o
                0x10001984                xosc_init
 .text.first_per_core_initializer
                0x100019b4        0x4 CMakeFiles/HW07.dir/Users/anna/.pico-sdk/sdk/2.1.1/src/rp2_common/pico_runtime/runtime.c.o
 .text.hard_assertion_failure
                0x100019b8        0xc CMakeFiles/HW07.dir/Users/anna/.pico-sdk/sdk/2.1.1/src/rp2_common/pico_runtime/runtime.c.o
                0x100019b8                hard_assertion_failure
 .text.runtime_run_initializers
                0x100019c4       0x20 CMakeFiles/HW07.dir/Users/anna/.pico-sdk/sdk/2.1.1/src/rp2_common/pico_runtime/runtime.c.o
                0x100019c4                runtime_run_initializers
 .text.runtime_init_early_resets
                0x100019e4       0x34 CMakeFiles/HW07.dir/Users/anna/.pico-sdk/sdk/2.1.1/src/rp2_common/pico_runtime_init/runtime_init.c.o
                0x100019e4                runtime_init_early_resets
 .text.runtime_init_usb_power_down
                0x10001a18       0x1c CMakeFiles/HW07.dir/Users/anna/.pico-sdk/sdk/2.1.1/src/rp2_common/pico_runtime_init/runtime_init.c.o
                0x10001a18                runtime_init_usb_power_down
 .text.runtime_init_per_core_enable_coprocessors
                0x10001a34       0x1c CMakeFiles/HW07.dir/Users/anna/.pico-sdk/sdk/2.1.1/src/rp2_common/pico_runtime_init/runtime_init.c.o
                0x10001a34                runtime_init_per_core_enable_coprocessors
 .text.runtime_init_post_clock_resets
                0x10001a50       0x20 CMakeFiles/HW07.dir/Users/anna/.pico-sdk/sdk/2.1.1/src/rp2_common/pico_runtime_init/runtime_init.c.o
                0x10001a50                runtime_init_post_clock_resets
 .text.runtime_init_bootrom_reset
                0x10001a70       0x14 CMakeFiles/HW07.dir/Users/anna/.pico-sdk/sdk/2.1.1/src/rp2_common/pico_runtime_init/runtime_init.c.o
                0x10001a70                runtime_init_bootrom_reset
 .text.runtime_init_per_core_bootrom_reset
                0x10001a84       0x14 CMakeFiles/HW07.dir/Users/anna/.pico-sdk/sdk/2.1.1/src/rp2_common/pico_runtime_init/runtime_init.c.o
                0x10001a84                runtime_init_per_core_bootrom_reset
 .text.runtime_init_spin_locks_reset
                0x10001a98        0x4 CMakeFiles/HW07.dir/Users/anna/.pico-sdk/sdk/2.1.1/src/rp2_common/pico_runtime_init/runtime_init.c.o
                0x10001a98                runtime_init_spin_locks_reset
 .text.runtime_init_install_ram_vector_table
                0x10001a9c       0x20 CMakeFiles/HW07.dir/Users/anna/.pico-sdk/sdk/2.1.1/src/rp2_common/pico_runtime_init/runtime_init.c.o
                0x10001a9c                runtime_init_install_ram_vector_table
 .text.runtime_init_clocks
                0x10001abc       0xdc CMakeFiles/HW07.dir/Users/anna/.pico-sdk/sdk/2.1.1/src/rp2_common/pico_runtime_init/runtime_init_clocks.c.o
                0x10001abc                runtime_init_clocks
 .text.__rp2350_dcp_engaged_state_save_restore
                0x10001b98       0x3a CMakeFiles/HW07.dir/Users/anna/.pico-sdk/sdk/2.1.1/src/rp2_common/pico_double/double_aeabi_dcp.S.o
 *fill*         0x10001bd2        0x2 
 .text.__wrap___aeabi_dadd
                0x10001bd4       0x28 CMakeFiles/HW07.dir/Users/anna/.pico-sdk/sdk/2.1.1/src/rp2_common/pico_double/double_aeabi_dcp.S.o
                0x10001bdc                __wrap___aeabi_dadd
 .text.__wrap___aeabi_dsub
                0x10001bfc       0x28 CMakeFiles/HW07.dir/Users/anna/.pico-sdk/sdk/2.1.1/src/rp2_common/pico_double/double_aeabi_dcp.S.o
                0x10001c04                __wrap___aeabi_dsub
 .text.__wrap___aeabi_dmul
                0x10001c24       0x4c CMakeFiles/HW07.dir/Users/anna/.pico-sdk/sdk/2.1.1/src/rp2_common/pico_double/double_aeabi_dcp.S.o
                0x10001c2c                __wrap___aeabi_dmul
 .text.__wrap___aeabi_ddiv
                0x10001c70       0x9c CMakeFiles/HW07.dir/Users/anna/.pico-sdk/sdk/2.1.1/src/rp2_common/pico_double/double_aeabi_dcp.S.o
                0x10001c78                __wrap___aeabi_ddiv
 .text.__wrap___aeabi_i2d
                0x10001d0c       0x24 CMakeFiles/HW07.dir/Users/anna/.pico-sdk/sdk/2.1.1/src/rp2_common/pico_double/double_aeabi_dcp.S.o
                0x10001d14                __wrap___aeabi_i2d
                0x10001d14                int2double
 .text.__wrap___aeabi_ui2d
                0x10001d30       0x24 CMakeFiles/HW07.dir/Users/anna/.pico-sdk/sdk/2.1.1/src/rp2_common/pico_double/double_aeabi_dcp.S.o
                0x10001d38                __wrap___aeabi_ui2d
                0x10001d38                uint2double
 .text.__wrap___aeabi_d2iz
                0x10001d54       0x24 CMakeFiles/HW07.dir/Users/anna/.pico-sdk/sdk/2.1.1/src/rp2_common/pico_double/double_aeabi_dcp.S.o
                0x10001d5c                __wrap___aeabi_d2iz
                0x10001d5c                double2int_z
 .text.__wrap___aeabi_d2uiz
                0x10001d78       0x24 CMakeFiles/HW07.dir/Users/anna/.pico-sdk/sdk/2.1.1/src/rp2_common/pico_double/double_aeabi_dcp.S.o
                0x10001d80                double2uint_z
                0x10001d80                double2uint
                0x10001d80                __wrap___aeabi_d2uiz
 .text.__wrap___aeabi_dcmpun
                0x10001d9c       0x24 CMakeFiles/HW07.dir/Users/anna/.pico-sdk/sdk/2.1.1/src/rp2_common/pico_double/double_aeabi_dcp.S.o
                0x10001da4                __wrap___aeabi_dcmpun
 .text.__wrap___aeabi_dcmplt
                0x10001dc0       0x28 CMakeFiles/HW07.dir/Users/anna/.pico-sdk/sdk/2.1.1/src/rp2_common/pico_double/double_aeabi_dcp.S.o
                0x10001dc8                __wrap___aeabi_dcmplt
 .text.__wrap___aeabi_dcmple
                0x10001de8       0x28 CMakeFiles/HW07.dir/Users/anna/.pico-sdk/sdk/2.1.1/src/rp2_common/pico_double/double_aeabi_dcp.S.o
                0x10001df0                __wrap___aeabi_dcmple
 .text.__wrap___aeabi_dcmpge
                0x10001e10       0x28 CMakeFiles/HW07.dir/Users/anna/.pico-sdk/sdk/2.1.1/src/rp2_common/pico_double/double_aeabi_dcp.S.o
                0x10001e18                __wrap___aeabi_dcmpge
 .text.__wrap___aeabi_dcmpgt
                0x10001e38       0x28 CMakeFiles/HW07.dir/Users/anna/.pico-sdk/sdk/2.1.1/src/rp2_common/pico_double/double_aeabi_dcp.S.o
                0x10001e40                __wrap___aeabi_dcmpgt
 .text._out_buffer
                0x10001e60        0x8 CMakeFiles/HW07.dir/Users/anna/.pico-sdk/sdk/2.1.1/src/rp2_common/pico_printf/printf.c.o
 .text._out_null
                0x10001e68        0x4 CMakeFiles/HW07.dir/Users/anna/.pico-sdk/sdk/2.1.1/src/rp2_common/pico_printf/printf.c.o
 .text._out_rev
                0x10001e6c       0x9c CMakeFiles/HW07.dir/Users/anna/.pico-sdk/sdk/2.1.1/src/rp2_common/pico_printf/printf.c.o
 .text._ntoa_format
                0x10001f08      0x1d4 CMakeFiles/HW07.dir/Users/anna/.pico-sdk/sdk/2.1.1/src/rp2_common/pico_printf/printf.c.o
 .text._out_char
                0x100020dc        0x8 CMakeFiles/HW07.dir/Users/anna/.pico-sdk/sdk/2.1.1/src/rp2_common/pico_printf/printf.c.o
 *fill*         0x100020e4        0x4 
 .text._ftoa    0x100020e8      0x4bc CMakeFiles/HW07.dir/Users/anna/.pico-sdk/sdk/2.1.1/src/rp2_common/pico_printf/printf.c.o
 *fill*         0x100025a4        0x4 
 .text._etoa    0x100025a8      0x574 CMakeFiles/HW07.dir/Users/anna/.pico-sdk/sdk/2.1.1/src/rp2_common/pico_printf/printf.c.o
 .text._vsnprintf
                0x10002b1c      0x9e4 CMakeFiles/HW07.dir/Users/anna/.pico-sdk/sdk/2.1.1/src/rp2_common/pico_printf/printf.c.o
 .text.__wrap_sprintf
                0x10003500       0x2c CMakeFiles/HW07.dir/Users/anna/.pico-sdk/sdk/2.1.1/src/rp2_common/pico_printf/printf.c.o
                0x10003500                __wrap_sprintf
 .text.weak_raw_vprintf
                0x1000352c       0x30 CMakeFiles/HW07.dir/Users/anna/.pico-sdk/sdk/2.1.1/src/rp2_common/pico_printf/printf.c.o
                0x1000352c                weak_raw_vprintf
 .text._exit    0x1000355c        0x4 CMakeFiles/HW07.dir/Users/anna/.pico-sdk/sdk/2.1.1/src/rp2_common/pico_clib_interface/newlib_interface.c.o
                0x1000355c                _exit
 .text.exit     0x10003560        0x8 CMakeFiles/HW07.dir/Users/anna/.pico-sdk/sdk/2.1.1/src/rp2_common/pico_clib_interface/newlib_interface.c.o
                0x10003560                exit
 .text.runtime_init
                0x10003568       0x24 CMakeFiles/HW07.dir/Users/anna/.pico-sdk/sdk/2.1.1/src/rp2_common/pico_clib_interface/newlib_interface.c.o
                0x10003568                runtime_init
 .text.stdio_out_chars_no_crlf
                0x1000358c        0x8 CMakeFiles/HW07.dir/Users/anna/.pico-sdk/sdk/2.1.1/src/rp2_common/pico_stdio/stdio.c.o
 .text.stdio_out_chars_crlf
                0x10003594       0xb0 CMakeFiles/HW07.dir/Users/anna/.pico-sdk/sdk/2.1.1/src/rp2_common/pico_stdio/stdio.c.o
 .text.stdio_put_string
                0x10003644       0xec CMakeFiles/HW07.dir/Users/anna/.pico-sdk/sdk/2.1.1/src/rp2_common/pico_stdio/stdio.c.o
                0x10003644                stdio_put_string
 .text.stdio_set_driver_enabled
                0x10003730       0x28 CMakeFiles/HW07.dir/Users/anna/.pico-sdk/sdk/2.1.1/src/rp2_common/pico_stdio/stdio.c.o
                0x10003730                stdio_set_driver_enabled
 .text.stdio_init_all
                0x10003758        0x4 CMakeFiles/HW07.dir/Users/anna/.pico-sdk/sdk/2.1.1/src/rp2_common/pico_stdio/stdio.c.o
                0x10003758                stdio_init_all
 .text.__wrap_putchar
                0x1000375c       0x84 CMakeFiles/HW07.dir/Users/anna/.pico-sdk/sdk/2.1.1/src/rp2_common/pico_stdio/stdio.c.o
                0x1000375c                stdio_putchar
                0x1000375c                __wrap_putchar
 .text.__wrap_puts
                0x100037e0       0x3c CMakeFiles/HW07.dir/Users/anna/.pico-sdk/sdk/2.1.1/src/rp2_common/pico_stdio/stdio.c.o
                0x100037e0                __wrap_puts
                0x100037e0                stdio_puts
 .text.resetd_init
                0x1000381c        0x4 CMakeFiles/HW07.dir/Users/anna/.pico-sdk/sdk/2.1.1/src/rp2_common/pico_stdio_usb/reset_interface.c.o
 .text.resetd_reset
                0x10003820        0xc CMakeFiles/HW07.dir/Users/anna/.pico-sdk/sdk/2.1.1/src/rp2_common/pico_stdio_usb/reset_interface.c.o
 .text.resetd_open
                0x1000382c       0x28 CMakeFiles/HW07.dir/Users/anna/.pico-sdk/sdk/2.1.1/src/rp2_common/pico_stdio_usb/reset_interface.c.o
 .text.resetd_xfer_cb
                0x10003854        0x4 CMakeFiles/HW07.dir/Users/anna/.pico-sdk/sdk/2.1.1/src/rp2_common/pico_stdio_usb/reset_interface.c.o
 .text.resetd_control_xfer_cb
                0x10003858       0x50 CMakeFiles/HW07.dir/Users/anna/.pico-sdk/sdk/2.1.1/src/rp2_common/pico_stdio_usb/reset_interface.c.o
 .text.tud_descriptor_bos_cb
                0x100038a8        0x8 CMakeFiles/HW07.dir/Users/anna/.pico-sdk/sdk/2.1.1/src/rp2_common/pico_stdio_usb/reset_interface.c.o
                0x100038a8                tud_descriptor_bos_cb
 .text.tud_vendor_control_xfer_cb
                0x100038b0       0x28 CMakeFiles/HW07.dir/Users/anna/.pico-sdk/sdk/2.1.1/src/rp2_common/pico_stdio_usb/reset_interface.c.o
                0x100038b0                tud_vendor_control_xfer_cb
 .text.usbd_app_driver_get_cb
                0x100038d8       0x10 CMakeFiles/HW07.dir/Users/anna/.pico-sdk/sdk/2.1.1/src/rp2_common/pico_stdio_usb/reset_interface.c.o
                0x100038d8                usbd_app_driver_get_cb
 .text.tud_cdc_line_coding_cb
                0x100038e8       0x18 CMakeFiles/HW07.dir/Users/anna/.pico-sdk/sdk/2.1.1/src/rp2_common/pico_stdio_usb/reset_interface.c.o
                0x100038e8                tud_cdc_line_coding_cb
 .text.stdio_usb_set_chars_available_callback
                0x10003900       0x14 CMakeFiles/HW07.dir/Users/anna/.pico-sdk/sdk/2.1.1/src/rp2_common/pico_stdio_usb/stdio_usb.c.o
                0x10003900                stdio_usb_set_chars_available_callback
 .text.timer_task
                0x10003914       0x70 CMakeFiles/HW07.dir/Users/anna/.pico-sdk/sdk/2.1.1/src/rp2_common/pico_stdio_usb/stdio_usb.c.o
 .text.usb_irq  0x10003984        0xc CMakeFiles/HW07.dir/Users/anna/.pico-sdk/sdk/2.1.1/src/rp2_common/pico_stdio_usb/stdio_usb.c.o
 .text.stdio_usb_in_chars
                0x10003990       0x88 CMakeFiles/HW07.dir/Users/anna/.pico-sdk/sdk/2.1.1/src/rp2_common/pico_stdio_usb/stdio_usb.c.o
                0x10003990                stdio_usb_in_chars
 .text.stdio_usb_out_flush
                0x10003a18       0x54 CMakeFiles/HW07.dir/Users/anna/.pico-sdk/sdk/2.1.1/src/rp2_common/pico_stdio_usb/stdio_usb.c.o
 .text.stdio_usb_out_chars
                0x10003a6c       0xf4 CMakeFiles/HW07.dir/Users/anna/.pico-sdk/sdk/2.1.1/src/rp2_common/pico_stdio_usb/stdio_usb.c.o
 .text.low_priority_worker_irq
                0x10003b60       0xd8 CMakeFiles/HW07.dir/Users/anna/.pico-sdk/sdk/2.1.1/src/rp2_common/pico_stdio_usb/stdio_usb.c.o
 .text.stdio_usb_init
                0x10003c38       0xe8 CMakeFiles/HW07.dir/Users/anna/.pico-sdk/sdk/2.1.1/src/rp2_common/pico_stdio_usb/stdio_usb.c.o
                0x10003c38                stdio_usb_init
 .text.tud_descriptor_device_cb
                0x10003d20        0x8 CMakeFiles/HW07.dir/Users/anna/.pico-sdk/sdk/2.1.1/src/rp2_common/pico_stdio_usb/stdio_usb_descriptors.c.o
                0x10003d20                tud_descriptor_device_cb
 .text.tud_descriptor_configuration_cb
                0x10003d28        0x8 CMakeFiles/HW07.dir/Users/anna/.pico-sdk/sdk/2.1.1/src/rp2_common/pico_stdio_usb/stdio_usb_descriptors.c.o
                0x10003d28                tud_descriptor_configuration_cb
 .text.tud_descriptor_string_cb
                0x10003d30       0x70 CMakeFiles/HW07.dir/Users/anna/.pico-sdk/sdk/2.1.1/src/rp2_common/pico_stdio_usb/stdio_usb_descriptors.c.o
                0x10003d30                tud_descriptor_string_cb
 .text.startup._retrieve_unique_id_on_boot
                0x10003da0       0x30 CMakeFiles/HW07.dir/Users/anna/.pico-sdk/sdk/2.1.1/src/rp2_common/pico_unique_id/unique_id.c.o
 .text.pico_get_unique_board_id_string
                0x10003dd0      0x184 CMakeFiles/HW07.dir/Users/anna/.pico-sdk/sdk/2.1.1/src/rp2_common/pico_unique_id/unique_id.c.o
                0x10003dd0                pico_get_unique_board_id_string
 .text.dcd_init
                0x10003f54       0x8c CMakeFiles/HW07.dir/Users/anna/.pico-sdk/sdk/2.1.1/lib/tinyusb/src/portable/raspberrypi/rp2040/dcd_rp2040.c.o
                0x10003f54                dcd_init
 .text.dcd_int_enable
                0x10003fe0        0x8 CMakeFiles/HW07.dir/Users/anna/.pico-sdk/sdk/2.1.1/lib/tinyusb/src/portable/raspberrypi/rp2040/dcd_rp2040.c.o
                0x10003fe0                dcd_int_enable
 .text.dcd_set_address
                0x10003fe8       0x10 CMakeFiles/HW07.dir/Users/anna/.pico-sdk/sdk/2.1.1/lib/tinyusb/src/portable/raspberrypi/rp2040/dcd_rp2040.c.o
                0x10003fe8                dcd_set_address
 .text.dcd_sof_enable
                0x10003ff8       0x1c CMakeFiles/HW07.dir/Users/anna/.pico-sdk/sdk/2.1.1/lib/tinyusb/src/portable/raspberrypi/rp2040/dcd_rp2040.c.o
                0x10003ff8                dcd_sof_enable
 .text.dcd_edpt0_status_complete
                0x10004014       0x1c CMakeFiles/HW07.dir/Users/anna/.pico-sdk/sdk/2.1.1/lib/tinyusb/src/portable/raspberrypi/rp2040/dcd_rp2040.c.o
                0x10004014                dcd_edpt0_status_complete
 .text.dcd_edpt_open
                0x10004030      0x104 CMakeFiles/HW07.dir/Users/anna/.pico-sdk/sdk/2.1.1/lib/tinyusb/src/portable/raspberrypi/rp2040/dcd_rp2040.c.o
                0x10004030                dcd_edpt_open
 .text.dcd_edpt_close_all
                0x10004134        0x4 CMakeFiles/HW07.dir/Users/anna/.pico-sdk/sdk/2.1.1/lib/tinyusb/src/portable/raspberrypi/rp2040/dcd_rp2040.c.o
                0x10004134                dcd_edpt_close_all
 .text.dcd_edpt_xfer
                0x10004138       0x28 CMakeFiles/HW07.dir/Users/anna/.pico-sdk/sdk/2.1.1/lib/tinyusb/src/portable/raspberrypi/rp2040/dcd_rp2040.c.o
                0x10004138                dcd_edpt_xfer
 .text.dcd_edpt_stall
                0x10004160       0x30 CMakeFiles/HW07.dir/Users/anna/.pico-sdk/sdk/2.1.1/lib/tinyusb/src/portable/raspberrypi/rp2040/dcd_rp2040.c.o
                0x10004160                dcd_edpt_stall
 .text.dcd_edpt_clear_stall
                0x10004190       0x24 CMakeFiles/HW07.dir/Users/anna/.pico-sdk/sdk/2.1.1/lib/tinyusb/src/portable/raspberrypi/rp2040/dcd_rp2040.c.o
                0x10004190                dcd_edpt_clear_stall
 .text.rp2040_usb_init
                0x100041b4       0x40 CMakeFiles/HW07.dir/Users/anna/.pico-sdk/sdk/2.1.1/lib/tinyusb/src/portable/raspberrypi/rp2040/rp2040_usb.c.o
                0x100041b4                rp2040_usb_init
 .text.hw_endpoint_xfer_start
                0x100041f4       0x40 CMakeFiles/HW07.dir/Users/anna/.pico-sdk/sdk/2.1.1/lib/tinyusb/src/portable/raspberrypi/rp2040/rp2040_usb.c.o
                0x100041f4                hw_endpoint_xfer_start
 .text.configuration_reset
                0x10004234       0x8c CMakeFiles/HW07.dir/Users/anna/.pico-sdk/sdk/2.1.1/lib/tinyusb/src/device/usbd.c.o
 .text.tud_event_hook_cb
                0x100042c0        0x4 CMakeFiles/HW07.dir/Users/anna/.pico-sdk/sdk/2.1.1/lib/tinyusb/src/device/usbd.c.o
                0x100042c0                tud_event_hook_cb
 .text.tud_sof_cb
                0x100042c4        0x4 CMakeFiles/HW07.dir/Users/anna/.pico-sdk/sdk/2.1.1/lib/tinyusb/src/device/usbd.c.o
                0x100042c4                tud_sof_cb
 .text.tud_descriptor_device_qualifier_cb
                0x100042c8        0x4 CMakeFiles/HW07.dir/Users/anna/.pico-sdk/sdk/2.1.1/lib/tinyusb/src/device/usbd.c.o
                0x100042c8                tud_descriptor_device_qualifier_cb
 .text.tud_descriptor_other_speed_configuration_cb
                0x100042cc        0x4 CMakeFiles/HW07.dir/Users/anna/.pico-sdk/sdk/2.1.1/lib/tinyusb/src/device/usbd.c.o
                0x100042cc                tud_descriptor_other_speed_configuration_cb
 .text.tud_mount_cb
                0x100042d0        0x4 CMakeFiles/HW07.dir/Users/anna/.pico-sdk/sdk/2.1.1/lib/tinyusb/src/device/usbd.c.o
                0x100042d0                tud_mount_cb
 .text.tud_umount_cb
                0x100042d4        0x4 CMakeFiles/HW07.dir/Users/anna/.pico-sdk/sdk/2.1.1/lib/tinyusb/src/device/usbd.c.o
                0x100042d4                tud_umount_cb
 .text.tud_suspend_cb
                0x100042d8        0x4 CMakeFiles/HW07.dir/Users/anna/.pico-sdk/sdk/2.1.1/lib/tinyusb/src/device/usbd.c.o
                0x100042d8                tud_suspend_cb
 .text.tud_resume_cb
                0x100042dc        0x4 CMakeFiles/HW07.dir/Users/anna/.pico-sdk/sdk/2.1.1/lib/tinyusb/src/device/usbd.c.o
                0x100042dc                tud_resume_cb
 .text.tud_mounted
                0x100042e0       0x10 CMakeFiles/HW07.dir/Users/anna/.pico-sdk/sdk/2.1.1/lib/tinyusb/src/device/usbd.c.o
                0x100042e0                tud_mounted
 .text.tud_suspended
                0x100042f0       0x10 CMakeFiles/HW07.dir/Users/anna/.pico-sdk/sdk/2.1.1/lib/tinyusb/src/device/usbd.c.o
                0x100042f0                tud_suspended
 .text.tud_rhport_init
                0x10004300       0xf4 CMakeFiles/HW07.dir/Users/anna/.pico-sdk/sdk/2.1.1/lib/tinyusb/src/device/usbd.c.o
                0x10004300                tud_rhport_init
 .text.tud_task_ext
                0x100043f4      0x784 CMakeFiles/HW07.dir/Users/anna/.pico-sdk/sdk/2.1.1/lib/tinyusb/src/device/usbd.c.o
                0x100043f4                tud_task_ext
 .text.usbd_open_edpt_pair
                0x10004b78       0x9c CMakeFiles/HW07.dir/Users/anna/.pico-sdk/sdk/2.1.1/lib/tinyusb/src/device/usbd.c.o
                0x10004b78                usbd_open_edpt_pair
 .text.usbd_edpt_open
                0x10004c14       0x44 CMakeFiles/HW07.dir/Users/anna/.pico-sdk/sdk/2.1.1/lib/tinyusb/src/device/usbd.c.o
                0x10004c14                usbd_edpt_open
 .text.usbd_edpt_claim
                0x10004c58       0x24 CMakeFiles/HW07.dir/Users/anna/.pico-sdk/sdk/2.1.1/lib/tinyusb/src/device/usbd.c.o
                0x10004c58                usbd_edpt_claim
 .text.usbd_edpt_release
                0x10004c7c       0x24 CMakeFiles/HW07.dir/Users/anna/.pico-sdk/sdk/2.1.1/lib/tinyusb/src/device/usbd.c.o
                0x10004c7c                usbd_edpt_release
 .text.usbd_edpt_xfer
                0x10004ca0       0x70 CMakeFiles/HW07.dir/Users/anna/.pico-sdk/sdk/2.1.1/lib/tinyusb/src/device/usbd.c.o
                0x10004ca0                usbd_edpt_xfer
 .text.tud_control_status
                0x10004d10       0x34 CMakeFiles/HW07.dir/Users/anna/.pico-sdk/sdk/2.1.1/lib/tinyusb/src/device/usbd_control.c.o
                0x10004d10                tud_control_status
 .text.tud_control_xfer
                0x10004d44       0xb0 CMakeFiles/HW07.dir/Users/anna/.pico-sdk/sdk/2.1.1/lib/tinyusb/src/device/usbd_control.c.o
                0x10004d44                tud_control_xfer
 .text.usbd_control_reset
                0x10004df4       0x14 CMakeFiles/HW07.dir/Users/anna/.pico-sdk/sdk/2.1.1/lib/tinyusb/src/device/usbd_control.c.o
                0x10004df4                usbd_control_reset
 .text.usbd_control_set_complete_callback
                0x10004e08        0xc CMakeFiles/HW07.dir/Users/anna/.pico-sdk/sdk/2.1.1/lib/tinyusb/src/device/usbd_control.c.o
                0x10004e08                usbd_control_set_complete_callback
 .text.usbd_control_set_request
                0x10004e14       0x1c CMakeFiles/HW07.dir/Users/anna/.pico-sdk/sdk/2.1.1/lib/tinyusb/src/device/usbd_control.c.o
                0x10004e14                usbd_control_set_request
 .text.usbd_control_xfer_cb
                0x10004e30      0x100 CMakeFiles/HW07.dir/Users/anna/.pico-sdk/sdk/2.1.1/lib/tinyusb/src/device/usbd_control.c.o
                0x10004e30                usbd_control_xfer_cb
 .text._prep_out_transaction.isra.0
                0x10004f30       0x74 CMakeFiles/HW07.dir/Users/anna/.pico-sdk/sdk/2.1.1/lib/tinyusb/src/class/cdc/cdc_device.c.o
 .text.tud_cdc_n_connected
                0x10004fa4       0x2c CMakeFiles/HW07.dir/Users/anna/.pico-sdk/sdk/2.1.1/lib/tinyusb/src/class/cdc/cdc_device.c.o
                0x10004fa4                tud_cdc_n_connected
 .text.tud_cdc_n_available
                0x10004fd0       0x14 CMakeFiles/HW07.dir/Users/anna/.pico-sdk/sdk/2.1.1/lib/tinyusb/src/class/cdc/cdc_device.c.o
                0x10004fd0                tud_cdc_n_available
 .text.tud_cdc_n_read
                0x10004fe4       0x90 CMakeFiles/HW07.dir/Users/anna/.pico-sdk/sdk/2.1.1/lib/tinyusb/src/class/cdc/cdc_device.c.o
                0x10004fe4                tud_cdc_n_read
 .text.tud_cdc_n_write_flush
                0x10005074       0x8c CMakeFiles/HW07.dir/Users/anna/.pico-sdk/sdk/2.1.1/lib/tinyusb/src/class/cdc/cdc_device.c.o
                0x10005074                tud_cdc_n_write_flush
 .text.tud_cdc_n_write
                0x10005100       0x40 CMakeFiles/HW07.dir/Users/anna/.pico-sdk/sdk/2.1.1/lib/tinyusb/src/class/cdc/cdc_device.c.o
                0x10005100                tud_cdc_n_write
 .text.tud_cdc_n_write_available
                0x10005140       0x14 CMakeFiles/HW07.dir/Users/anna/.pico-sdk/sdk/2.1.1/lib/tinyusb/src/class/cdc/cdc_device.c.o
                0x10005140                tud_cdc_n_write_available
 .text.cdcd_init
                0x10005154       0x70 CMakeFiles/HW07.dir/Users/anna/.pico-sdk/sdk/2.1.1/lib/tinyusb/src/class/cdc/cdc_device.c.o
                0x10005154                cdcd_init
 .text.cdcd_deinit
                0x100051c4       0x30 CMakeFiles/HW07.dir/Users/anna/.pico-sdk/sdk/2.1.1/lib/tinyusb/src/class/cdc/cdc_device.c.o
                0x100051c4                cdcd_deinit
 .text.cdcd_reset
                0x100051f4       0x4c CMakeFiles/HW07.dir/Users/anna/.pico-sdk/sdk/2.1.1/lib/tinyusb/src/class/cdc/cdc_device.c.o
                0x100051f4                cdcd_reset
 .text.cdcd_open
                0x10005240       0xc0 CMakeFiles/HW07.dir/Users/anna/.pico-sdk/sdk/2.1.1/lib/tinyusb/src/class/cdc/cdc_device.c.o
                0x10005240                cdcd_open
 .text.cdcd_control_xfer_cb
                0x10005300       0xc0 CMakeFiles/HW07.dir/Users/anna/.pico-sdk/sdk/2.1.1/lib/tinyusb/src/class/cdc/cdc_device.c.o
                0x10005300                cdcd_control_xfer_cb
 .text.cdcd_xfer_cb
                0x100053c0       0xf8 CMakeFiles/HW07.dir/Users/anna/.pico-sdk/sdk/2.1.1/lib/tinyusb/src/class/cdc/cdc_device.c.o
                0x100053c0                cdcd_xfer_cb
 .text.vendord_init
                0x100054b8       0x5c CMakeFiles/HW07.dir/Users/anna/.pico-sdk/sdk/2.1.1/lib/tinyusb/src/class/vendor/vendor_device.c.o
                0x100054b8                vendord_init
 .text.vendord_deinit
                0x10005514       0x1c CMakeFiles/HW07.dir/Users/anna/.pico-sdk/sdk/2.1.1/lib/tinyusb/src/class/vendor/vendor_device.c.o
                0x10005514                vendord_deinit
 .text.vendord_reset
                0x10005530       0x24 CMakeFiles/HW07.dir/Users/anna/.pico-sdk/sdk/2.1.1/lib/tinyusb/src/class/vendor/vendor_device.c.o
                0x10005530                vendord_reset
 .text.vendord_open
                0x10005554       0xf4 CMakeFiles/HW07.dir/Users/anna/.pico-sdk/sdk/2.1.1/lib/tinyusb/src/class/vendor/vendor_device.c.o
                0x10005554                vendord_open
 .text.vendord_xfer_cb
                0x10005648       0x88 CMakeFiles/HW07.dir/Users/anna/.pico-sdk/sdk/2.1.1/lib/tinyusb/src/class/vendor/vendor_device.c.o
                0x10005648                vendord_xfer_cb
 .text.tusb_rhport_init
                0x100056d0       0x64 CMakeFiles/HW07.dir/Users/anna/.pico-sdk/sdk/2.1.1/lib/tinyusb/src/tusb.c.o
                0x100056d0                tusb_rhport_init
 .text.tu_edpt_claim
                0x10005734       0x54 CMakeFiles/HW07.dir/Users/anna/.pico-sdk/sdk/2.1.1/lib/tinyusb/src/tusb.c.o
                0x10005734                tu_edpt_claim
 .text.tu_edpt_release
                0x10005788       0x38 CMakeFiles/HW07.dir/Users/anna/.pico-sdk/sdk/2.1.1/lib/tinyusb/src/tusb.c.o
                0x10005788                tu_edpt_release
 .text.tu_edpt_validate
                0x100057c0       0x60 CMakeFiles/HW07.dir/Users/anna/.pico-sdk/sdk/2.1.1/lib/tinyusb/src/tusb.c.o
                0x100057c0                tu_edpt_validate
 .text.tu_edpt_bind_driver
                0x10005820       0x58 CMakeFiles/HW07.dir/Users/anna/.pico-sdk/sdk/2.1.1/lib/tinyusb/src/tusb.c.o
                0x10005820                tu_edpt_bind_driver
 .text.tu_edpt_stream_init
                0x10005878       0x58 CMakeFiles/HW07.dir/Users/anna/.pico-sdk/sdk/2.1.1/lib/tinyusb/src/tusb.c.o
                0x10005878                tu_edpt_stream_init
 .text.tu_edpt_stream_deinit
                0x100058d0        0x4 CMakeFiles/HW07.dir/Users/anna/.pico-sdk/sdk/2.1.1/lib/tinyusb/src/tusb.c.o
                0x100058d0                tu_edpt_stream_deinit
 .text.tu_edpt_stream_write_zlp_if_needed
                0x100058d4       0x68 CMakeFiles/HW07.dir/Users/anna/.pico-sdk/sdk/2.1.1/lib/tinyusb/src/tusb.c.o
                0x100058d4                tu_edpt_stream_write_zlp_if_needed
 .text.tu_edpt_stream_write_xfer
                0x1000593c       0x70 CMakeFiles/HW07.dir/Users/anna/.pico-sdk/sdk/2.1.1/lib/tinyusb/src/tusb.c.o
                0x1000593c                tu_edpt_stream_write_xfer
 .text.tu_edpt_stream_read_xfer
                0x100059ac       0xc8 CMakeFiles/HW07.dir/Users/anna/.pico-sdk/sdk/2.1.1/lib/tinyusb/src/tusb.c.o
                0x100059ac                tu_edpt_stream_read_xfer
 .text.tu_fifo_config
                0x10005a74       0x60 CMakeFiles/HW07.dir/Users/anna/.pico-sdk/sdk/2.1.1/lib/tinyusb/src/common/tusb_fifo.c.o
                0x10005a74                tu_fifo_config
 .text.tu_fifo_count
                0x10005ad4       0x20 CMakeFiles/HW07.dir/Users/anna/.pico-sdk/sdk/2.1.1/lib/tinyusb/src/common/tusb_fifo.c.o
                0x10005ad4                tu_fifo_count
 .text.tu_fifo_empty
                0x10005af4       0x14 CMakeFiles/HW07.dir/Users/anna/.pico-sdk/sdk/2.1.1/lib/tinyusb/src/common/tusb_fifo.c.o
                0x10005af4                tu_fifo_empty
 .text.tu_fifo_remaining
                0x10005b08       0x24 CMakeFiles/HW07.dir/Users/anna/.pico-sdk/sdk/2.1.1/lib/tinyusb/src/common/tusb_fifo.c.o
                0x10005b08                tu_fifo_remaining
 .text.tu_fifo_read
                0x10005b2c       0x94 CMakeFiles/HW07.dir/Users/anna/.pico-sdk/sdk/2.1.1/lib/tinyusb/src/common/tusb_fifo.c.o
                0x10005b2c                tu_fifo_read
 .text.tu_fifo_read_n
                0x10005bc0       0xd8 CMakeFiles/HW07.dir/Users/anna/.pico-sdk/sdk/2.1.1/lib/tinyusb/src/common/tusb_fifo.c.o
                0x10005bc0                tu_fifo_read_n
 .text.tu_fifo_write
                0x10005c98       0xa4 CMakeFiles/HW07.dir/Users/anna/.pico-sdk/sdk/2.1.1/lib/tinyusb/src/common/tusb_fifo.c.o
                0x10005c98                tu_fifo_write
 .text.tu_fifo_write_n
                0x10005d3c      0x15c CMakeFiles/HW07.dir/Users/anna/.pico-sdk/sdk/2.1.1/lib/tinyusb/src/common/tusb_fifo.c.o
                0x10005d3c                tu_fifo_write_n
 .text.tu_fifo_clear
                0x10005e98       0x38 CMakeFiles/HW07.dir/Users/anna/.pico-sdk/sdk/2.1.1/lib/tinyusb/src/common/tusb_fifo.c.o
                0x10005e98                tu_fifo_clear
 .text.tu_fifo_set_overwritable
                0x10005ed0       0x3c CMakeFiles/HW07.dir/Users/anna/.pico-sdk/sdk/2.1.1/lib/tinyusb/src/common/tusb_fifo.c.o
                0x10005ed0                tu_fifo_set_overwritable
 .text.adc_init
                0x10005f0c       0x30 CMakeFiles/HW07.dir/Users/anna/.pico-sdk/sdk/2.1.1/src/rp2_common/hardware_adc/adc.c.o
                0x10005f0c                adc_init
 .text.i2c_write_blocking_internal.constprop.0
                0x10005f3c       0x9c CMakeFiles/HW07.dir/Users/anna/.pico-sdk/sdk/2.1.1/src/rp2_common/hardware_i2c/i2c.c.o
 .text.i2c_set_baudrate
                0x10005fd8       0xa4 CMakeFiles/HW07.dir/Users/anna/.pico-sdk/sdk/2.1.1/src/rp2_common/hardware_i2c/i2c.c.o
                0x10005fd8                i2c_set_baudrate
 .text.i2c_init
                0x1000607c       0x4c CMakeFiles/HW07.dir/Users/anna/.pico-sdk/sdk/2.1.1/src/rp2_common/hardware_i2c/i2c.c.o
                0x1000607c                i2c_init
 .text.i2c_write_blocking
                0x100060c8       0x10 CMakeFiles/HW07.dir/Users/anna/.pico-sdk/sdk/2.1.1/src/rp2_common/hardware_i2c/i2c.c.o
                0x100060c8                i2c_write_blocking
 .text.memset   0x100060d8       0x9c /Users/anna/.pico-sdk/toolchain/14_2_Rel1/bin/../lib/gcc/arm-none-eabi/14.2.1/../../../../arm-none-eabi/lib/thumb/v8-m.main+fp/softfp/libg.a(libc_a-memset.o)
                0x100060d8                memset
 .text          0x10006174       0xec /Users/anna/.pico-sdk/toolchain/14_2_Rel1/bin/../lib/gcc/arm-none-eabi/14.2.1/../../../../arm-none-eabi/lib/thumb/v8-m.main+fp/softfp/libg.a(libc_a-memcpy.o)
                0x10006174                memcpy
 .text.strlen   0x10006260       0x5c /Users/anna/.pico-sdk/toolchain/14_2_Rel1/bin/../lib/gcc/arm-none-eabi/14.2.1/../../../../arm-none-eabi/lib/thumb/v8-m.main+fp/softfp/libg.a(libc_a-strlen-stub.o)
                0x10006260                strlen
 *(.fini)
 .fini          0x100062bc        0x4 /Users/anna/.pico-sdk/toolchain/14_2_Rel1/bin/../lib/gcc/arm-none-eabi/14.2.1/thumb/v8-m.main+fp/softfp/crti.o
                0x100062bc                _fini
 .fini.__stub   0x100062c0       0x58 linker stubs
 *crtbegin.o(.ctors)
 *crtbegin?.o(.ctors)
 *(EXCLUDE_FILE(*crtend.o *crtend?.o) .ctors)
 *(SORT_BY_NAME(.ctors.*))
 *(.ctors)
 *crtbegin.o(.dtors)
 *crtbegin?.o(.dtors)
 *(EXCLUDE_FILE(*crtend.o *crtend?.o) .dtors)
 *(SORT_BY_NAME(.dtors.*))
 *(.dtors)
                0x10006318                        . = ALIGN (0x4)
                0x10006318                        PROVIDE (__preinit_array_start = .)
 *(SORT_BY_NAME(.preinit_array.*))
 .preinit_array.00050
                0x10006318        0x4 CMakeFiles/HW07.dir/Users/anna/.pico-sdk/sdk/2.1.1/src/rp2_common/pico_runtime_init/runtime_init.c.o
                0x10006318                __pre_init_runtime_init_bootrom_reset
 .preinit_array.00100
                0x1000631c        0x4 CMakeFiles/HW07.dir/Users/anna/.pico-sdk/sdk/2.1.1/src/rp2_common/pico_runtime_init/runtime_init.c.o
                0x1000631c                __pre_init_runtime_init_early_resets
 .preinit_array.00101
                0x10006320        0x4 CMakeFiles/HW07.dir/Users/anna/.pico-sdk/sdk/2.1.1/src/rp2_common/pico_runtime_init/runtime_init.c.o
                0x10006320                __pre_init_runtime_init_usb_power_down
 .preinit_array.00500
                0x10006324        0x4 CMakeFiles/HW07.dir/Users/anna/.pico-sdk/sdk/2.1.1/src/rp2_common/pico_runtime_init/runtime_init.c.o
                0x10006324                __pre_init_runtime_init_clocks
 .preinit_array.00600
                0x10006328        0x4 CMakeFiles/HW07.dir/Users/anna/.pico-sdk/sdk/2.1.1/src/rp2_common/pico_runtime_init/runtime_init.c.o
                0x10006328                __pre_init_runtime_init_post_clock_resets
 .preinit_array.01000
                0x1000632c        0x4 CMakeFiles/HW07.dir/Users/anna/.pico-sdk/sdk/2.1.1/src/rp2_common/hardware_boot_lock/boot_lock.c.o
                0x1000632c                __pre_init_runtime_init_boot_locks_reset
 .preinit_array.01000
                0x10006330        0x4 CMakeFiles/HW07.dir/Users/anna/.pico-sdk/sdk/2.1.1/src/rp2_common/pico_runtime_init/runtime_init.c.o
                0x10006330                __pre_init_runtime_init_spin_locks_reset
 .preinit_array.01010
                0x10006334        0x4 CMakeFiles/HW07.dir/Users/anna/.pico-sdk/sdk/2.1.1/src/rp2_common/pico_bootrom/bootrom_lock.c.o
                0x10006334                __pre_init_runtime_init_bootrom_locking_enable
 .preinit_array.01100
                0x10006338        0x4 CMakeFiles/HW07.dir/Users/anna/.pico-sdk/sdk/2.1.1/src/common/pico_sync/mutex.c.o
                0x10006338                __pre_init_runtime_init_mutex
 .preinit_array.10080
                0x1000633c        0x4 CMakeFiles/HW07.dir/Users/anna/.pico-sdk/sdk/2.1.1/src/rp2_common/pico_runtime_init/runtime_init.c.o
                0x1000633c                __pre_init_runtime_init_install_ram_vector_table
 .preinit_array.11000
                0x10006340        0x4 CMakeFiles/HW07.dir/Users/anna/.pico-sdk/sdk/2.1.1/src/common/pico_time/time.c.o
                0x10006340                __pre_init_runtime_init_default_alarm_pool
 .preinit_array.YYYYY
                0x10006344        0x4 CMakeFiles/HW07.dir/Users/anna/.pico-sdk/sdk/2.1.1/src/rp2_common/pico_runtime/runtime.c.o
                0x10006344                __pre_init_first_per_core_initializer
 .preinit_array.ZZZZZ.00051
                0x10006348        0x4 CMakeFiles/HW07.dir/Users/anna/.pico-sdk/sdk/2.1.1/src/rp2_common/pico_runtime_init/runtime_init.c.o
                0x10006348                __pre_init_runtime_init_per_core_bootrom_reset
 .preinit_array.ZZZZZ.00200
                0x1000634c        0x4 CMakeFiles/HW07.dir/Users/anna/.pico-sdk/sdk/2.1.1/src/rp2_common/pico_runtime_init/runtime_init.c.o
                0x1000634c                __pre_init_runtime_init_per_core_enable_coprocessors
 .preinit_array.ZZZZZ.01000
                0x10006350        0x4 CMakeFiles/HW07.dir/Users/anna/.pico-sdk/sdk/2.1.1/src/rp2_common/hardware_sync_spin_lock/sync_spin_lock.c.o
                0x10006350                __pre_init_spinlock_set_extexclall
 .preinit_array.ZZZZZ.01200
                0x10006354        0x4 CMakeFiles/HW07.dir/Users/anna/.pico-sdk/sdk/2.1.1/src/rp2_common/hardware_irq/irq.c.o
                0x10006354                __pre_init_runtime_init_per_core_irq_priorities
 *(.preinit_array)
                0x10006358                        PROVIDE (__preinit_array_end = .)
                0x10006358                        . = ALIGN (0x4)
                0x10006358                        PROVIDE (__init_array_start = .)
 *(SORT_BY_NAME(.init_array.*))
 *(.init_array)
 .init_array    0x10006358        0x4 /Users/anna/.pico-sdk/toolchain/14_2_Rel1/bin/../lib/gcc/arm-none-eabi/14.2.1/thumb/v8-m.main+fp/softfp/crtbegin.o
 .init_array    0x1000635c        0x4 CMakeFiles/HW07.dir/Users/anna/.pico-sdk/sdk/2.1.1/src/rp2_common/pico_unique_id/unique_id.c.o
                0x10006360                        PROVIDE (__init_array_end = .)
                0x10006360                        . = ALIGN (0x4)
                [!provide]                        PROVIDE (__fini_array_start = .)
 *(SORT_BY_NAME(.fini_array.*))
 *(.fini_array)
                [!provide]                        PROVIDE (__fini_array_end = .)
 *(.eh_frame*)
 .eh_frame      0x10006360        0x0 /Users/anna/.pico-sdk/toolchain/14_2_Rel1/bin/../lib/gcc/arm-none-eabi/14.2.1/thumb/v8-m.main+fp/softfp/crtbegin.o
                0x10006360                        . = ALIGN (0x4)

.glue_7         0x10006360        0x0
 .glue_7        0x10006360        0x0 linker stubs

.glue_7t        0x10006360        0x0
 .glue_7t       0x10006360        0x0 linker stubs

.vfp11_veneer   0x10006360        0x0
 .vfp11_veneer  0x10006360        0x0 linker stubs

.v4_bx          0x10006360        0x0
 .v4_bx         0x10006360        0x0 linker stubs

.iplt           0x10006360        0x0
 .iplt          0x10006360        0x0 /Users/anna/.pico-sdk/toolchain/14_2_Rel1/bin/../lib/gcc/arm-none-eabi/14.2.1/thumb/v8-m.main+fp/softfp/crtbegin.o

.boot2          0x10006360        0x0
                0x10006360                        __boot2_start__ = .
 *(.boot2)
                0x10006360                        __boot2_end__ = .
                0x00000001                        ASSERT (((__boot2_end__ - __boot2_start__) <= 0x100), ERROR: Pico second stage bootloader must be no more than 256 bytes in size)

.rodata         0x10006360      0x5d4
 *(EXCLUDE_FILE(*libm.a: *libc.a:*lib_a-mem*.o *libgcc.a:) .rodata*)
 .rodata.main.str1.4
                0x10006360      0x188 CMakeFiles/HW07.dir/HW07.c.o
                                 0x14 (size before relaxing)
 .rodata.ASCII  0x100064e8      0x1e0 CMakeFiles/HW07.dir/HW07.c.o
 .rodata.panic.str1.4
                0x100066c8       0x12 CMakeFiles/HW07.dir/Users/anna/.pico-sdk/sdk/2.1.1/src/rp2_common/pico_platform_panic/panic.c.o
 .rodata.spin_lock_claim_unused.str1.4
                0x100066c8       0x1b CMakeFiles/HW07.dir/Users/anna/.pico-sdk/sdk/2.1.1/src/rp2_common/hardware_sync/sync.c.o
 .rodata.user_irq_claim_unused.str1.4
                0x100066c8       0x1b CMakeFiles/HW07.dir/Users/anna/.pico-sdk/sdk/2.1.1/src/rp2_common/hardware_irq/irq.c.o
 .rodata.timer_hardware_alarm_claim.str1.4
                0x100066c8       0x22 CMakeFiles/HW07.dir/Users/anna/.pico-sdk/sdk/2.1.1/src/rp2_common/hardware_timer/timer.c.o
 .rodata.hard_assertion_failure.str1.4
                0x100066c8        0xc CMakeFiles/HW07.dir/Users/anna/.pico-sdk/sdk/2.1.1/src/rp2_common/pico_runtime/runtime.c.o
 .rodata.str1.4
                0x100066c8       0x40 CMakeFiles/HW07.dir/Users/anna/.pico-sdk/sdk/2.1.1/src/rp2_common/pico_standard_binary_info/standard_binary_info.c.o
 .rodata.__bi_84
                0x100066c8        0xc CMakeFiles/HW07.dir/Users/anna/.pico-sdk/sdk/2.1.1/src/rp2_common/pico_standard_binary_info/standard_binary_info.c.o
 .rodata.__bi_78
                0x100066d4        0xc CMakeFiles/HW07.dir/Users/anna/.pico-sdk/sdk/2.1.1/src/rp2_common/pico_standard_binary_info/standard_binary_info.c.o
 .rodata.__bi_60
                0x100066e0        0xc CMakeFiles/HW07.dir/Users/anna/.pico-sdk/sdk/2.1.1/src/rp2_common/pico_standard_binary_info/standard_binary_info.c.o
 .rodata.__bi_54
                0x100066ec        0xc CMakeFiles/HW07.dir/Users/anna/.pico-sdk/sdk/2.1.1/src/rp2_common/pico_standard_binary_info/standard_binary_info.c.o
 .rodata.__bi_48
                0x100066f8        0xc CMakeFiles/HW07.dir/Users/anna/.pico-sdk/sdk/2.1.1/src/rp2_common/pico_standard_binary_info/standard_binary_info.c.o
 .rodata.__bi_42
                0x10006704        0xc CMakeFiles/HW07.dir/Users/anna/.pico-sdk/sdk/2.1.1/src/rp2_common/pico_standard_binary_info/standard_binary_info.c.o
 .rodata.__bi_34
                0x10006710        0xc CMakeFiles/HW07.dir/Users/anna/.pico-sdk/sdk/2.1.1/src/rp2_common/pico_standard_binary_info/standard_binary_info.c.o
 .rodata.__bi_26
                0x1000671c        0xc CMakeFiles/HW07.dir/Users/anna/.pico-sdk/sdk/2.1.1/src/rp2_common/pico_standard_binary_info/standard_binary_info.c.o
 .rodata._ftoa.str1.4
                0x10006728       0x15 CMakeFiles/HW07.dir/Users/anna/.pico-sdk/sdk/2.1.1/src/rp2_common/pico_printf/printf.c.o
 .rodata.pow10.0
                0x10006728       0x50 CMakeFiles/HW07.dir/Users/anna/.pico-sdk/sdk/2.1.1/src/rp2_common/pico_printf/printf.c.o
 .rodata.crlf_str.0
                0x10006778        0x2 CMakeFiles/HW07.dir/Users/anna/.pico-sdk/sdk/2.1.1/src/rp2_common/pico_stdio/stdio.c.o
 *fill*         0x1000677a        0x2 
 .rodata._resetd_driver
                0x1000677c       0x20 CMakeFiles/HW07.dir/Users/anna/.pico-sdk/sdk/2.1.1/src/rp2_common/pico_stdio_usb/reset_interface.c.o
 .rodata.desc_ms_os_20
                0x1000679c       0xa6 CMakeFiles/HW07.dir/Users/anna/.pico-sdk/sdk/2.1.1/src/rp2_common/pico_stdio_usb/reset_interface.c.o
 *fill*         0x10006842        0x2 
 .rodata.desc_bos
                0x10006844       0x21 CMakeFiles/HW07.dir/Users/anna/.pico-sdk/sdk/2.1.1/src/rp2_common/pico_stdio_usb/reset_interface.c.o
                0x10006844                desc_bos
 .rodata.str1.4
                0x10006865       0x13 CMakeFiles/HW07.dir/Users/anna/.pico-sdk/sdk/2.1.1/src/rp2_common/pico_stdio_usb/stdio_usb.c.o
 *fill*         0x10006865        0x3 
 .rodata.__bi_197.0
                0x10006868        0xc CMakeFiles/HW07.dir/Users/anna/.pico-sdk/sdk/2.1.1/src/rp2_common/pico_stdio_usb/stdio_usb.c.o
 .rodata.str1.4
                0x10006874       0x2a CMakeFiles/HW07.dir/Users/anna/.pico-sdk/sdk/2.1.1/src/rp2_common/pico_stdio_usb/stdio_usb_descriptors.c.o
 .rodata.usbd_desc_str
                0x10006874       0x18 CMakeFiles/HW07.dir/Users/anna/.pico-sdk/sdk/2.1.1/src/rp2_common/pico_stdio_usb/stdio_usb_descriptors.c.o
 .rodata.usbd_desc_cfg
                0x1000688c       0x54 CMakeFiles/HW07.dir/Users/anna/.pico-sdk/sdk/2.1.1/src/rp2_common/pico_stdio_usb/stdio_usb_descriptors.c.o
 .rodata.usbd_desc_device
                0x100068e0       0x12 CMakeFiles/HW07.dir/Users/anna/.pico-sdk/sdk/2.1.1/src/rp2_common/pico_stdio_usb/stdio_usb_descriptors.c.o
 .rodata.str1.4
                0x100068f2       0x14 CMakeFiles/HW07.dir/Users/anna/.pico-sdk/sdk/2.1.1/lib/tinyusb/src/portable/raspberrypi/rp2040/dcd_rp2040.c.o
 .rodata.str1.4
                0x100068f2       0x48 CMakeFiles/HW07.dir/Users/anna/.pico-sdk/sdk/2.1.1/lib/tinyusb/src/portable/raspberrypi/rp2040/rp2040_usb.c.o
 *fill*         0x100068f2        0x2 
 .rodata._usbd_driver
                0x100068f4       0x40 CMakeFiles/HW07.dir/Users/anna/.pico-sdk/sdk/2.1.1/lib/tinyusb/src/device/usbd.c.o
 *(.srodata*)
                0x10006934                        . = ALIGN (0x4)
 *(SORT_BY_ALIGNMENT(SORT_BY_NAME(.flashdata*)))
                0x10006934                        . = ALIGN (0x4)

.ARM.extab
 *(.ARM.extab* .gnu.linkonce.armextab.*)
                0x10006934                        __exidx_start = .

.ARM.exidx      0x10006934        0x8
 *(.ARM.exidx* .gnu.linkonce.armexidx.*)
 .ARM.exidx     0x10006934        0x8 /Users/anna/.pico-sdk/toolchain/14_2_Rel1/bin/../lib/gcc/arm-none-eabi/14.2.1/../../../../arm-none-eabi/lib/thumb/v8-m.main+fp/softfp/libg.a(libc_a-memcpy.o)
 .ARM.exidx.text.__udivmoddi4
                0x1000693c        0x0 /Users/anna/.pico-sdk/toolchain/14_2_Rel1/bin/../lib/gcc/arm-none-eabi/14.2.1/thumb/v8-m.main+fp/softfp/libgcc.a(_udivmoddi4.o)
                                  0x8 (size before relaxing)
                0x1000693c                        __exidx_end = .
                0x1000693c                        . = ALIGN (0x4)
                0x1000693c                        __binary_info_start = .

.binary_info    0x1000693c       0x24
 *(.binary_info.keep.*)
 .binary_info.keep.__bi_ptr84
                0x1000693c        0x4 CMakeFiles/HW07.dir/Users/anna/.pico-sdk/sdk/2.1.1/src/rp2_common/pico_standard_binary_info/standard_binary_info.c.o
 .binary_info.keep.__bi_ptr78
                0x10006940        0x4 CMakeFiles/HW07.dir/Users/anna/.pico-sdk/sdk/2.1.1/src/rp2_common/pico_standard_binary_info/standard_binary_info.c.o
 .binary_info.keep.__bi_ptr60
                0x10006944        0x4 CMakeFiles/HW07.dir/Users/anna/.pico-sdk/sdk/2.1.1/src/rp2_common/pico_standard_binary_info/standard_binary_info.c.o
 .binary_info.keep.__bi_ptr54
                0x10006948        0x4 CMakeFiles/HW07.dir/Users/anna/.pico-sdk/sdk/2.1.1/src/rp2_common/pico_standard_binary_info/standard_binary_info.c.o
 .binary_info.keep.__bi_ptr48
                0x1000694c        0x4 CMakeFiles/HW07.dir/Users/anna/.pico-sdk/sdk/2.1.1/src/rp2_common/pico_standard_binary_info/standard_binary_info.c.o
 .binary_info.keep.__bi_ptr42
                0x10006950        0x4 CMakeFiles/HW07.dir/Users/anna/.pico-sdk/sdk/2.1.1/src/rp2_common/pico_standard_binary_info/standard_binary_info.c.o
 .binary_info.keep.__bi_ptr34
                0x10006954        0x4 CMakeFiles/HW07.dir/Users/anna/.pico-sdk/sdk/2.1.1/src/rp2_common/pico_standard_binary_info/standard_binary_info.c.o
 .binary_info.keep.__bi_ptr26
                0x10006958        0x4 CMakeFiles/HW07.dir/Users/anna/.pico-sdk/sdk/2.1.1/src/rp2_common/pico_standard_binary_info/standard_binary_info.c.o
 *(.binary_info.*)
 .binary_info.__bi_ptr197
                0x1000695c        0x4 CMakeFiles/HW07.dir/Users/anna/.pico-sdk/sdk/2.1.1/src/rp2_common/pico_stdio_usb/stdio_usb.c.o
                0x10006960                        __binary_info_end = .
                0x10006960                        . = ALIGN (0x4)

.ram_vector_table
                0x20000000      0x110
 *(.ram_vector_table)
 .ram_vector_table
                0x20000000      0x110 CMakeFiles/HW07.dir/Users/anna/.pico-sdk/sdk/2.1.1/src/rp2_common/pico_runtime_init/runtime_init.c.o
                0x20000000                ram_vector_table

.uninitialized_data
                0x20000110        0x0
                0x20000110                        . = ALIGN (0x4)
 *(.uninitialized_data*)

.data           0x20000110     0x1494 load address 0x10006960
                0x20000110                        __data_start__ = .
 *(vtable)
 *(.time_critical*)
 .time_critical.mutex_try_enter
                0x20000110       0x50 CMakeFiles/HW07.dir/Users/anna/.pico-sdk/sdk/2.1.1/src/common/pico_sync/mutex.c.o
                0x20000110                mutex_try_enter
 .time_critical.mutex_enter_block_until
                0x20000160       0x6c CMakeFiles/HW07.dir/Users/anna/.pico-sdk/sdk/2.1.1/src/common/pico_sync/mutex.c.o
                0x20000160                mutex_enter_block_until
 .time_critical.mutex_try_enter_block_until
                0x200001cc       0x68 CMakeFiles/HW07.dir/Users/anna/.pico-sdk/sdk/2.1.1/src/common/pico_sync/mutex.c.o
                0x200001cc                mutex_try_enter_block_until
 .time_critical.mutex_enter_timeout_ms
                0x20000234       0x38 CMakeFiles/HW07.dir/Users/anna/.pico-sdk/sdk/2.1.1/src/common/pico_sync/mutex.c.o
                0x20000234                mutex_enter_timeout_ms
 .time_critical.mutex_exit
                0x2000026c       0x3c CMakeFiles/HW07.dir/Users/anna/.pico-sdk/sdk/2.1.1/src/common/pico_sync/mutex.c.o
                0x2000026c                mutex_exit
 .time_critical.reset_non_control_endpoints
                0x200002a8       0x64 CMakeFiles/HW07.dir/Users/anna/.pico-sdk/sdk/2.1.1/lib/tinyusb/src/portable/raspberrypi/rp2040/dcd_rp2040.c.o
 .time_critical.hw_handle_buff_status
                0x2000030c       0x90 CMakeFiles/HW07.dir/Users/anna/.pico-sdk/sdk/2.1.1/lib/tinyusb/src/portable/raspberrypi/rp2040/dcd_rp2040.c.o
 .time_critical.dcd_rp2040_irq
                0x2000039c      0x530 CMakeFiles/HW07.dir/Users/anna/.pico-sdk/sdk/2.1.1/lib/tinyusb/src/portable/raspberrypi/rp2040/dcd_rp2040.c.o
 .time_critical.prepare_ep_buffer
                0x200008cc       0xc0 CMakeFiles/HW07.dir/Users/anna/.pico-sdk/sdk/2.1.1/lib/tinyusb/src/portable/raspberrypi/rp2040/rp2040_usb.c.o
 .time_critical.sync_ep_buffer
                0x2000098c       0xb4 CMakeFiles/HW07.dir/Users/anna/.pico-sdk/sdk/2.1.1/lib/tinyusb/src/portable/raspberrypi/rp2040/rp2040_usb.c.o
 .time_critical._hw_endpoint_xfer_sync
                0x20000a40       0x2c CMakeFiles/HW07.dir/Users/anna/.pico-sdk/sdk/2.1.1/lib/tinyusb/src/portable/raspberrypi/rp2040/rp2040_usb.c.o
 .time_critical.e15_is_bulkin_ep
                0x20000a6c       0x28 CMakeFiles/HW07.dir/Users/anna/.pico-sdk/sdk/2.1.1/lib/tinyusb/src/portable/raspberrypi/rp2040/rp2040_usb.c.o
 .time_critical.e15_is_critical_frame_period
                0x20000a94       0x28 CMakeFiles/HW07.dir/Users/anna/.pico-sdk/sdk/2.1.1/lib/tinyusb/src/portable/raspberrypi/rp2040/rp2040_usb.c.o
 .time_critical.hw_endpoint_reset_transfer
                0x20000abc        0xc CMakeFiles/HW07.dir/Users/anna/.pico-sdk/sdk/2.1.1/lib/tinyusb/src/portable/raspberrypi/rp2040/rp2040_usb.c.o
                0x20000abc                hw_endpoint_reset_transfer
 .time_critical._hw_endpoint_buffer_control_update32
                0x20000ac8       0x44 CMakeFiles/HW07.dir/Users/anna/.pico-sdk/sdk/2.1.1/lib/tinyusb/src/portable/raspberrypi/rp2040/rp2040_usb.c.o
                0x20000ac8                _hw_endpoint_buffer_control_update32
 .time_critical.hw_endpoint_start_next_buffer
                0x20000b0c       0x64 CMakeFiles/HW07.dir/Users/anna/.pico-sdk/sdk/2.1.1/lib/tinyusb/src/portable/raspberrypi/rp2040/rp2040_usb.c.o
                0x20000b0c                hw_endpoint_start_next_buffer
 .time_critical.hw_endpoint_xfer_continue
                0x20000b70       0x3c CMakeFiles/HW07.dir/Users/anna/.pico-sdk/sdk/2.1.1/lib/tinyusb/src/portable/raspberrypi/rp2040/rp2040_usb.c.o
                0x20000b70                hw_endpoint_xfer_continue
 .time_critical.tinyusb
                0x20000bac      0x224 CMakeFiles/HW07.dir/Users/anna/.pico-sdk/sdk/2.1.1/lib/tinyusb/src/device/usbd.c.o
                0x20000bac                dcd_event_handler
 *(.text*)
 .text          0x20000dd0      0x378 /Users/anna/.pico-sdk/toolchain/14_2_Rel1/bin/../lib/gcc/arm-none-eabi/14.2.1/thumb/v8-m.main+fp/softfp/libgcc.a(_arm_addsubdf3.o)
                0x20000dd0                __aeabi_drsub
                0x20000dd8                __subdf3
                0x20000dd8                __aeabi_dsub
                0x20000ddc                __aeabi_dadd
                0x20000ddc                __adddf3
                0x20001054                __aeabi_ui2d
                0x20001054                __floatunsidf
                0x20001074                __floatsidf
                0x20001074                __aeabi_i2d
                0x20001098                __extendsfdf2
                0x20001098                __aeabi_f2d
                0x200010dc                __aeabi_ul2d
                0x200010dc                __floatundidf
                0x200010ec                __aeabi_l2d
                0x200010ec                __floatdidf
 .text          0x20001148       0x30 /Users/anna/.pico-sdk/toolchain/14_2_Rel1/bin/../lib/gcc/arm-none-eabi/14.2.1/thumb/v8-m.main+fp/softfp/libgcc.a(_aeabi_uldivmod.o)
                0x20001148                __aeabi_uldivmod
 .text.__udivmoddi4
                0x20001178      0x34c /Users/anna/.pico-sdk/toolchain/14_2_Rel1/bin/../lib/gcc/arm-none-eabi/14.2.1/thumb/v8-m.main+fp/softfp/libgcc.a(_udivmoddi4.o)
                0x20001178                __udivmoddi4
 .text          0x200014c4        0x4 /Users/anna/.pico-sdk/toolchain/14_2_Rel1/bin/../lib/gcc/arm-none-eabi/14.2.1/thumb/v8-m.main+fp/softfp/libgcc.a(_dvmd_tls.o)
                0x200014c4                __aeabi_ldiv0
                0x200014c4                __aeabi_idiv0
 .text.__stub   0x200014c8       0x30 linker stubs
                0x200014f8                        . = ALIGN (0x4)
 *(.rodata*)
                0x200014f8                        . = ALIGN (0x4)
 *(.data*)
 .data.SSD1306_ADDRESS
                0x200014f8        0x1 CMakeFiles/HW07.dir/ssd1306.c.o
                0x200014f8                SSD1306_ADDRESS
 .data.striped_spin_lock_num
                0x200014f9        0x1 CMakeFiles/HW07.dir/Users/anna/.pico-sdk/sdk/2.1.1/src/rp2_common/hardware_sync/sync.c.o
 *fill*         0x200014fa        0x2 
 .data          0x200014fc       0x48 CMakeFiles/HW07.dir/Users/anna/.pico-sdk/sdk/2.1.1/src/rp2_common/hardware_irq/irq_handler_chain.S.o
                0x200014fc                irq_handler_chain_slots
                0x2000152c                irq_handler_chain_first_slot
                0x20001536                irq_handler_chain_remove_tail
 .data.default_alarm_pool
                0x20001544       0x18 CMakeFiles/HW07.dir/Users/anna/.pico-sdk/sdk/2.1.1/src/common/pico_time/time.c.o
 .data.stdio_usb
                0x2000155c       0x18 CMakeFiles/HW07.dir/Users/anna/.pico-sdk/sdk/2.1.1/src/rp2_common/pico_stdio_usb/stdio_usb.c.o
                0x2000155c                stdio_usb
 .data._usbd_qdef
                0x20001574       0x1c CMakeFiles/HW07.dir/Users/anna/.pico-sdk/sdk/2.1.1/lib/tinyusb/src/device/usbd.c.o
                0x20001574                _usbd_qdef
 .data._usbd_rhport
                0x20001590        0x1 CMakeFiles/HW07.dir/Users/anna/.pico-sdk/sdk/2.1.1/lib/tinyusb/src/device/usbd.c.o
 *fill*         0x20001591        0x3 
 .data.i2c0_inst
                0x20001594        0x8 CMakeFiles/HW07.dir/Users/anna/.pico-sdk/sdk/2.1.1/src/rp2_common/hardware_i2c/i2c.c.o
                0x20001594                i2c0_inst
 *(.sdata*)
                0x2000159c                        . = ALIGN (0x4)
 *(.after_data.*)
                0x2000159c                        . = ALIGN (0x4)
                0x2000159c                        PROVIDE (__mutex_array_start = .)
 *(SORT_BY_NAME(.mutex_array.*))
 *(.mutex_array)
 .mutex_array   0x2000159c        0x8 CMakeFiles/HW07.dir/Users/anna/.pico-sdk/sdk/2.1.1/src/rp2_common/pico_stdio/stdio.c.o
                0x200015a4                        PROVIDE (__mutex_array_end = .)
 *(.jcr)
                0x200015a4                        . = ALIGN (0x4)

.tm_clone_table
                0x200015a4        0x0 load address 0x10007df4
 .tm_clone_table
                0x200015a4        0x0 /Users/anna/.pico-sdk/toolchain/14_2_Rel1/bin/../lib/gcc/arm-none-eabi/14.2.1/thumb/v8-m.main+fp/softfp/crtbegin.o
 .tm_clone_table
                0x200015a4        0x0 /Users/anna/.pico-sdk/toolchain/14_2_Rel1/bin/../lib/gcc/arm-none-eabi/14.2.1/thumb/v8-m.main+fp/softfp/crtend.o

.igot.plt       0x200015a4        0x0 load address 0x10007df4
 .igot.plt      0x200015a4        0x0 /Users/anna/.pico-sdk/toolchain/14_2_Rel1/bin/../lib/gcc/arm-none-eabi/14.2.1/thumb/v8-m.main+fp/softfp/crtbegin.o

.tdata          0x200015a4        0x0 load address 0x10007df4
                0x200015a4                        . = ALIGN (0x4)
 *(.tdata .tdata.* .gnu.linkonce.td.*)
                0x200015a4                        __tdata_end = .
                0x200015a4                        PROVIDE (__data_end__ = .)
                0x10006960                        __etext = LOADADDR (.data)

.tbss           0x200015a4        0x0 load address 0x10007df4
                0x200015a4                        . = ALIGN (0x4)
                0x200015a4                        __bss_start__ = .
                0x200015a4                        __tls_base = .
 *(.tbss .tbss.* .gnu.linkonce.tb.*)
 *(.tcommon)
                0x200015a4                        __tls_end = .

.bss            0x200015a8      0xe2c load address 0x10007df4
                0x200015a8                        . = ALIGN (0x4)
                0x200015a8                        __tbss_end = .
 *(SORT_BY_ALIGNMENT(SORT_BY_NAME(.bss*)))
 .bss.default_alarm_pool_entries
                0x200015a8      0x180 CMakeFiles/HW07.dir/Users/anna/.pico-sdk/sdk/2.1.1/src/common/pico_time/time.c.o
 .bss.last_avail_time.1
                0x20001728        0x8 CMakeFiles/HW07.dir/Users/anna/.pico-sdk/sdk/2.1.1/src/rp2_common/pico_stdio_usb/stdio_usb.c.o
 .bss._app_driver
                0x20001730        0x4 CMakeFiles/HW07.dir/Users/anna/.pico-sdk/sdk/2.1.1/lib/tinyusb/src/device/usbd.c.o
 .bss._cdcd_epbuf
                0x20001734       0x80 CMakeFiles/HW07.dir/Users/anna/.pico-sdk/sdk/2.1.1/lib/tinyusb/src/class/cdc/cdc_device.c.o
 .bss._cdcd_fifo_cfg
                0x200017b4        0x1 CMakeFiles/HW07.dir/Users/anna/.pico-sdk/sdk/2.1.1/lib/tinyusb/src/class/cdc/cdc_device.c.o
 *fill*         0x200017b5        0x3 
 .bss._cdcd_itf
                0x200017b8       0xc8 CMakeFiles/HW07.dir/Users/anna/.pico-sdk/sdk/2.1.1/lib/tinyusb/src/class/cdc/cdc_device.c.o
 .bss._ctrl_epbuf
                0x20001880       0x40 CMakeFiles/HW07.dir/Users/anna/.pico-sdk/sdk/2.1.1/lib/tinyusb/src/device/usbd_control.c.o
 .bss._ctrl_xfer
                0x200018c0       0x14 CMakeFiles/HW07.dir/Users/anna/.pico-sdk/sdk/2.1.1/lib/tinyusb/src/device/usbd_control.c.o
 .bss._sw_spin_locks
                0x200018d4       0x20 CMakeFiles/HW07.dir/Users/anna/.pico-sdk/sdk/2.1.1/src/rp2_common/hardware_sync_spin_lock/sync_spin_lock.c.o
                0x200018d4                _sw_spin_locks
 .bss._tusb_rhport_role
                0x200018f4        0x2 CMakeFiles/HW07.dir/Users/anna/.pico-sdk/sdk/2.1.1/lib/tinyusb/src/tusb.c.o
                0x200018f4                _tusb_rhport_role
 *fill*         0x200018f6        0x2 
 .bss._ubsd_mutexdef
                0x200018f8        0x8 CMakeFiles/HW07.dir/Users/anna/.pico-sdk/sdk/2.1.1/lib/tinyusb/src/device/usbd.c.o
 .bss._usbd_dev
                0x20001900       0x54 CMakeFiles/HW07.dir/Users/anna/.pico-sdk/sdk/2.1.1/lib/tinyusb/src/device/usbd.c.o
 .bss._usbd_mutex
                0x20001954        0x4 CMakeFiles/HW07.dir/Users/anna/.pico-sdk/sdk/2.1.1/lib/tinyusb/src/device/usbd.c.o
 .bss._usbd_q   0x20001958        0x4 CMakeFiles/HW07.dir/Users/anna/.pico-sdk/sdk/2.1.1/lib/tinyusb/src/device/usbd.c.o
 .bss._usbd_qdef_buf
                0x2000195c       0xc0 CMakeFiles/HW07.dir/Users/anna/.pico-sdk/sdk/2.1.1/lib/tinyusb/src/device/usbd.c.o
                0x2000195c                _usbd_qdef_buf
 .bss._vendord_epbuf
                0x20001a1c       0x80 CMakeFiles/HW07.dir/Users/anna/.pico-sdk/sdk/2.1.1/lib/tinyusb/src/class/vendor/vendor_device.c.o
 .bss._vendord_itf
                0x20001a9c      0x24c CMakeFiles/HW07.dir/Users/anna/.pico-sdk/sdk/2.1.1/lib/tinyusb/src/class/vendor/vendor_device.c.o
 .bss.chars_available_callback
                0x20001ce8        0x4 CMakeFiles/HW07.dir/Users/anna/.pico-sdk/sdk/2.1.1/src/rp2_common/pico_stdio_usb/stdio_usb.c.o
 .bss.chars_available_param
                0x20001cec        0x4 CMakeFiles/HW07.dir/Users/anna/.pico-sdk/sdk/2.1.1/src/rp2_common/pico_stdio_usb/stdio_usb.c.o
 .bss.claimed   0x20001cf0        0x4 CMakeFiles/HW07.dir/Users/anna/.pico-sdk/sdk/2.1.1/src/rp2_common/hardware_sync/sync.c.o
 .bss.claimed   0x20001cf4        0x2 CMakeFiles/HW07.dir/Users/anna/.pico-sdk/sdk/2.1.1/src/rp2_common/hardware_timer/timer.c.o
 *fill*         0x20001cf6        0x2 
 .bss.configured_freq
                0x20001cf8       0x28 CMakeFiles/HW07.dir/Users/anna/.pico-sdk/sdk/2.1.1/src/rp2_common/hardware_clocks/clocks.c.o
 .bss.desc_str.0
                0x20001d20       0x28 CMakeFiles/HW07.dir/Users/anna/.pico-sdk/sdk/2.1.1/src/rp2_common/pico_stdio_usb/stdio_usb_descriptors.c.o
 .bss.drivers   0x20001d48        0x4 CMakeFiles/HW07.dir/Users/anna/.pico-sdk/sdk/2.1.1/src/rp2_common/pico_stdio/stdio.c.o
 .bss.e15_last_sof
                0x20001d4c        0x4 CMakeFiles/HW07.dir/Users/anna/.pico-sdk/sdk/2.1.1/lib/tinyusb/src/portable/raspberrypi/rp2040/rp2040_usb.c.o
                0x20001d4c                e15_last_sof
 .bss.filter    0x20001d50        0x4 CMakeFiles/HW07.dir/Users/anna/.pico-sdk/sdk/2.1.1/src/rp2_common/pico_stdio/stdio.c.o
 .bss.hw_endpoints
                0x20001d54      0x400 CMakeFiles/HW07.dir/Users/anna/.pico-sdk/sdk/2.1.1/lib/tinyusb/src/portable/raspberrypi/rp2040/dcd_rp2040.c.o
 .bss.lazy_vsnprintf
                0x20002154        0x4 CMakeFiles/HW07.dir/Users/anna/.pico-sdk/sdk/2.1.1/src/rp2_common/pico_printf/printf.c.o
 .bss.load_value
                0x20002158        0x4 CMakeFiles/HW07.dir/Users/anna/.pico-sdk/sdk/2.1.1/src/rp2_common/hardware_watchdog/watchdog.c.o
 .bss.next_buffer_ptr
                0x2000215c        0x4 CMakeFiles/HW07.dir/Users/anna/.pico-sdk/sdk/2.1.1/lib/tinyusb/src/portable/raspberrypi/rp2040/dcd_rp2040.c.o
 .bss.object.0  0x20002160       0x18 /Users/anna/.pico-sdk/toolchain/14_2_Rel1/bin/../lib/gcc/arm-none-eabi/14.2.1/thumb/v8-m.main+fp/softfp/crtbegin.o
 .bss.one_shot_timer_crit_sec
                0x20002178        0x8 CMakeFiles/HW07.dir/Users/anna/.pico-sdk/sdk/2.1.1/src/rp2_common/pico_stdio_usb/stdio_usb.c.o
 .bss.pools     0x20002180       0x20 CMakeFiles/HW07.dir/Users/anna/.pico-sdk/sdk/2.1.1/src/common/pico_time/time.c.o
 .bss.retrieved_id
                0x200021a0        0x8 CMakeFiles/HW07.dir/Users/anna/.pico-sdk/sdk/2.1.1/src/rp2_common/pico_unique_id/unique_id.c.o
 .bss.sleep_notifier
                0x200021a8        0x4 CMakeFiles/HW07.dir/Users/anna/.pico-sdk/sdk/2.1.1/src/common/pico_time/time.c.o
 .bss.ssd1306_buffer
                0x200021ac      0x201 CMakeFiles/HW07.dir/ssd1306.c.o
                0x200021ac                ssd1306_buffer
 *fill*         0x200023ad        0x3 
 .bss.stdio_usb_mutex
                0x200023b0        0x8 CMakeFiles/HW07.dir/Users/anna/.pico-sdk/sdk/2.1.1/src/rp2_common/pico_stdio_usb/stdio_usb.c.o
 .bss.usbd_serial_str
                0x200023b8       0x11 CMakeFiles/HW07.dir/Users/anna/.pico-sdk/sdk/2.1.1/src/rp2_common/pico_stdio_usb/stdio_usb_descriptors.c.o
 *fill*         0x200023c9        0x1 
 .bss.i.0       0x200023ca        0x2 CMakeFiles/HW07.dir/HW07.c.o
 .bss._app_driver_count
                0x200023cc        0x1 CMakeFiles/HW07.dir/Users/anna/.pico-sdk/sdk/2.1.1/lib/tinyusb/src/device/usbd.c.o
 .bss._sof_enable
                0x200023cd        0x1 CMakeFiles/HW07.dir/Users/anna/.pico-sdk/sdk/2.1.1/lib/tinyusb/src/portable/raspberrypi/rp2040/dcd_rp2040.c.o
 .bss._usbd_queued_setup
                0x200023ce        0x1 CMakeFiles/HW07.dir/Users/anna/.pico-sdk/sdk/2.1.1/lib/tinyusb/src/device/usbd.c.o
 .bss.irq_handler_chain_free_slot_head
                0x200023cf        0x1 CMakeFiles/HW07.dir/Users/anna/.pico-sdk/sdk/2.1.1/src/rp2_common/hardware_irq/irq.c.o
 .bss.itf_num   0x200023d0        0x1 CMakeFiles/HW07.dir/Users/anna/.pico-sdk/sdk/2.1.1/src/rp2_common/pico_stdio_usb/reset_interface.c.o
 .bss.low_priority_irq_num
                0x200023d1        0x1 CMakeFiles/HW07.dir/Users/anna/.pico-sdk/sdk/2.1.1/src/rp2_common/pico_stdio_usb/stdio_usb.c.o
 .bss.one_shot_timer_pending
                0x200023d2        0x1 CMakeFiles/HW07.dir/Users/anna/.pico-sdk/sdk/2.1.1/src/rp2_common/pico_stdio_usb/stdio_usb.c.o
 .bss.user_irq_claimed
                0x200023d3        0x1 CMakeFiles/HW07.dir/Users/anna/.pico-sdk/sdk/2.1.1/src/rp2_common/hardware_irq/irq.c.o
 *(COMMON)
                [!provide]                        PROVIDE (__global_pointer$ = (. + 0x800))
 *(.sbss*)
                0x200023d4                        . = ALIGN (0x4)
                0x200023d4                        __bss_end__ = .

.heap           0x200023d4      0x800 load address 0x10007df4
                0x200023d4                        __end__ = .
                0x200023d4                        end = __end__
 *(.heap*)
 .heap          0x200023d4      0x800 CMakeFiles/HW07.dir/Users/anna/.pico-sdk/sdk/2.1.1/src/rp2_common/pico_crt0/crt0.S.o
                0x20080000                        __HeapLimit = (ORIGIN (RAM) + LENGTH (RAM))

.scratch_x      0x20080000        0x0 load address 0x10007df4
                0x20080000                        __scratch_x_start__ = .
 *(.scratch_x.*)
                0x20080000                        . = ALIGN (0x4)
                0x20080000                        __scratch_x_end__ = .
                0x10007df4                        __scratch_x_source__ = LOADADDR (.scratch_x)

.scratch_y      0x20081000        0x0 load address 0x10007df4
                0x20081000                        __scratch_y_start__ = .
 *(.scratch_y.*)
                0x20081000                        . = ALIGN (0x4)
                0x20081000                        __scratch_y_end__ = .
                0x10007df4                        __scratch_y_source__ = LOADADDR (.scratch_y)

.stack1_dummy
 *(.stack1*)

.stack_dummy    0x20081000      0x800
 *(.stack*)
 .stack         0x20081000      0x800 CMakeFiles/HW07.dir/Users/anna/.pico-sdk/sdk/2.1.1/src/rp2_common/pico_crt0/crt0.S.o

.flash_end      0x10007df4       0x14
 *(.embedded_end_block*)
 .embedded_end_block
                0x10007df4       0x14 CMakeFiles/HW07.dir/Users/anna/.pico-sdk/sdk/2.1.1/src/rp2_common/pico_crt0/crt0.S.o
                0x10007e08                        PROVIDE (__flash_binary_end = .)
                0x20080000                        __StackLimit = (ORIGIN (RAM) + LENGTH (RAM))
                0x20081000                        __StackOneTop = (ORIGIN (SCRATCH_X) + LENGTH (SCRATCH_X))
                0x20082000                        __StackTop = (ORIGIN (SCRATCH_Y) + LENGTH (SCRATCH_Y))
                0x20081000                        __StackOneBottom = (__StackOneTop - SIZEOF (.stack1_dummy))
                0x20081800                        __StackBottom = (__StackTop - SIZEOF (.stack_dummy))
                0x20082000                        PROVIDE (__stack = __StackTop)
                [!provide]                        PROVIDE (__heap_start = __end__)
                [!provide]                        PROVIDE (__heap_end = __HeapLimit)
                [!provide]                        PROVIDE (__tls_align = MAX (ALIGNOF (.tdata), ALIGNOF (.tbss)))
                [!provide]                        PROVIDE (__tls_size_align = (((__tls_size + __tls_align) - 0x1) & ~ ((__tls_align - 0x1))))
                [!provide]                        PROVIDE (__arm32_tls_tcb_offset = MAX (0x8, __tls_align))
                [!provide]                        PROVIDE (_end = __end__)
                [!provide]                        PROVIDE (__llvm_libc_heap_limit = __HeapLimit)
                0x00000001                        ASSERT ((__StackLimit >= __HeapLimit), region RAM overflowed)
                0x00000001                        ASSERT (((__binary_info_header_end - __logical_binary_start) <= 0x400), Binary info must be in first 1024 bytes of the binary)
                0x00000001                        ASSERT (((__embedded_block_end - __logical_binary_start) <= 0x1000), Embedded block must be in first 4096 bytes of the binary)
LOAD CMakeFiles/HW07.dir/HW07.c.o
LOAD CMakeFiles/HW07.dir/ssd1306.c.o
LOAD CMakeFiles/HW07.dir/Users/anna/.pico-sdk/sdk/2.1.1/src/rp2_common/pico_stdlib/stdlib.c.o
LOAD CMakeFiles/HW07.dir/Users/anna/.pico-sdk/sdk/2.1.1/src/rp2_common/hardware_gpio/gpio.c.o
LOAD CMakeFiles/HW07.dir/Users/anna/.pico-sdk/sdk/2.1.1/src/rp2350/pico_platform/platform.c.o
LOAD CMakeFiles/HW07.dir/Users/anna/.pico-sdk/sdk/2.1.1/src/rp2_common/pico_platform_panic/panic.c.o
LOAD CMakeFiles/HW07.dir/Users/anna/.pico-sdk/sdk/2.1.1/src/common/hardware_claim/claim.c.o
LOAD CMakeFiles/HW07.dir/Users/anna/.pico-sdk/sdk/2.1.1/src/rp2_common/hardware_sync/sync.c.o
LOAD CMakeFiles/HW07.dir/Users/anna/.pico-sdk/sdk/2.1.1/src/rp2_common/hardware_sync_spin_lock/sync_spin_lock.c.o
LOAD CMakeFiles/HW07.dir/Users/anna/.pico-sdk/sdk/2.1.1/src/rp2_common/hardware_irq/irq.c.o
LOAD CMakeFiles/HW07.dir/Users/anna/.pico-sdk/sdk/2.1.1/src/rp2_common/hardware_irq/irq_handler_chain.S.o
LOAD CMakeFiles/HW07.dir/Users/anna/.pico-sdk/sdk/2.1.1/src/common/pico_sync/sem.c.o
LOAD CMakeFiles/HW07.dir/Users/anna/.pico-sdk/sdk/2.1.1/src/common/pico_sync/lock_core.c.o
LOAD CMakeFiles/HW07.dir/Users/anna/.pico-sdk/sdk/2.1.1/src/common/pico_sync/mutex.c.o
LOAD CMakeFiles/HW07.dir/Users/anna/.pico-sdk/sdk/2.1.1/src/common/pico_sync/critical_section.c.o
LOAD CMakeFiles/HW07.dir/Users/anna/.pico-sdk/sdk/2.1.1/src/common/pico_time/time.c.o
LOAD CMakeFiles/HW07.dir/Users/anna/.pico-sdk/sdk/2.1.1/src/common/pico_time/timeout_helper.c.o
LOAD CMakeFiles/HW07.dir/Users/anna/.pico-sdk/sdk/2.1.1/src/rp2_common/hardware_timer/timer.c.o
LOAD CMakeFiles/HW07.dir/Users/anna/.pico-sdk/sdk/2.1.1/src/common/pico_util/datetime.c.o
LOAD CMakeFiles/HW07.dir/Users/anna/.pico-sdk/sdk/2.1.1/src/common/pico_util/pheap.c.o
LOAD CMakeFiles/HW07.dir/Users/anna/.pico-sdk/sdk/2.1.1/src/common/pico_util/queue.c.o
LOAD CMakeFiles/HW07.dir/Users/anna/.pico-sdk/sdk/2.1.1/src/rp2_common/hardware_uart/uart.c.o
LOAD CMakeFiles/HW07.dir/Users/anna/.pico-sdk/sdk/2.1.1/src/rp2_common/hardware_clocks/clocks.c.o
LOAD CMakeFiles/HW07.dir/Users/anna/.pico-sdk/sdk/2.1.1/src/rp2_common/hardware_pll/pll.c.o
LOAD CMakeFiles/HW07.dir/Users/anna/.pico-sdk/sdk/2.1.1/src/rp2_common/hardware_vreg/vreg.c.o
LOAD CMakeFiles/HW07.dir/Users/anna/.pico-sdk/sdk/2.1.1/src/rp2_common/hardware_watchdog/watchdog.c.o
LOAD CMakeFiles/HW07.dir/Users/anna/.pico-sdk/sdk/2.1.1/src/rp2_common/hardware_ticks/ticks.c.o
LOAD CMakeFiles/HW07.dir/Users/anna/.pico-sdk/sdk/2.1.1/src/rp2_common/pico_bootrom/bootrom.c.o
LOAD CMakeFiles/HW07.dir/Users/anna/.pico-sdk/sdk/2.1.1/src/rp2_common/pico_bootrom/bootrom_lock.c.o
LOAD CMakeFiles/HW07.dir/Users/anna/.pico-sdk/sdk/2.1.1/src/rp2_common/hardware_boot_lock/boot_lock.c.o
LOAD CMakeFiles/HW07.dir/Users/anna/.pico-sdk/sdk/2.1.1/src/rp2_common/pico_flash/flash.c.o
LOAD CMakeFiles/HW07.dir/Users/anna/.pico-sdk/sdk/2.1.1/src/rp2_common/hardware_xosc/xosc.c.o
LOAD CMakeFiles/HW07.dir/Users/anna/.pico-sdk/sdk/2.1.1/src/rp2_common/hardware_divider/divider.c.o
LOAD CMakeFiles/HW07.dir/Users/anna/.pico-sdk/sdk/2.1.1/src/rp2_common/pico_runtime/runtime.c.o
LOAD CMakeFiles/HW07.dir/Users/anna/.pico-sdk/sdk/2.1.1/src/rp2_common/pico_runtime_init/runtime_init.c.o
LOAD CMakeFiles/HW07.dir/Users/anna/.pico-sdk/sdk/2.1.1/src/rp2_common/pico_runtime_init/runtime_init_clocks.c.o
LOAD CMakeFiles/HW07.dir/Users/anna/.pico-sdk/sdk/2.1.1/src/rp2_common/pico_runtime_init/runtime_init_stack_guard.c.o
LOAD CMakeFiles/HW07.dir/Users/anna/.pico-sdk/sdk/2.1.1/src/rp2_common/pico_bit_ops/bit_ops_aeabi.S.o
LOAD CMakeFiles/HW07.dir/Users/anna/.pico-sdk/sdk/2.1.1/src/rp2_common/pico_divider/divider_compiler.c.o
LOAD CMakeFiles/HW07.dir/Users/anna/.pico-sdk/sdk/2.1.1/src/rp2_common/pico_double/double_math.c.o
LOAD CMakeFiles/HW07.dir/Users/anna/.pico-sdk/sdk/2.1.1/src/rp2_common/pico_double/double_aeabi_dcp.S.o
LOAD CMakeFiles/HW07.dir/Users/anna/.pico-sdk/sdk/2.1.1/src/rp2_common/pico_double/double_fma_dcp.S.o
LOAD CMakeFiles/HW07.dir/Users/anna/.pico-sdk/sdk/2.1.1/src/rp2_common/pico_double/double_sci_m33.S.o
LOAD CMakeFiles/HW07.dir/Users/anna/.pico-sdk/sdk/2.1.1/src/rp2_common/pico_double/double_conv_m33.S.o
LOAD CMakeFiles/HW07.dir/Users/anna/.pico-sdk/sdk/2.1.1/src/rp2_common/pico_float/float_math.c.o
LOAD CMakeFiles/HW07.dir/Users/anna/.pico-sdk/sdk/2.1.1/src/rp2_common/pico_float/float_conv32_vfp.S.o
LOAD CMakeFiles/HW07.dir/Users/anna/.pico-sdk/sdk/2.1.1/src/rp2_common/pico_float/float_common_m33.S.o
LOAD CMakeFiles/HW07.dir/Users/anna/.pico-sdk/sdk/2.1.1/src/rp2_common/pico_float/float_sci_m33_vfp.S.o
LOAD CMakeFiles/HW07.dir/Users/anna/.pico-sdk/sdk/2.1.1/src/rp2_common/pico_malloc/malloc.c.o
LOAD CMakeFiles/HW07.dir/Users/anna/.pico-sdk/sdk/2.1.1/src/rp2_common/pico_atomic/atomic.c.o
LOAD CMakeFiles/HW07.dir/Users/anna/.pico-sdk/sdk/2.1.1/src/rp2_common/pico_cxx_options/new_delete.cpp.o
LOAD CMakeFiles/HW07.dir/Users/anna/.pico-sdk/sdk/2.1.1/src/rp2_common/pico_standard_binary_info/standard_binary_info.c.o
LOAD CMakeFiles/HW07.dir/Users/anna/.pico-sdk/sdk/2.1.1/src/rp2_common/pico_printf/printf.c.o
LOAD CMakeFiles/HW07.dir/Users/anna/.pico-sdk/sdk/2.1.1/src/rp2_common/pico_crt0/crt0.S.o
LOAD CMakeFiles/HW07.dir/Users/anna/.pico-sdk/sdk/2.1.1/src/rp2_common/pico_clib_interface/newlib_interface.c.o
LOAD CMakeFiles/HW07.dir/Users/anna/.pico-sdk/sdk/2.1.1/src/rp2_common/pico_stdio/stdio.c.o
LOAD CMakeFiles/HW07.dir/Users/anna/.pico-sdk/sdk/2.1.1/src/rp2_common/pico_stdio_usb/reset_interface.c.o
LOAD CMakeFiles/HW07.dir/Users/anna/.pico-sdk/sdk/2.1.1/src/rp2_common/pico_stdio_usb/stdio_usb.c.o
LOAD CMakeFiles/HW07.dir/Users/anna/.pico-sdk/sdk/2.1.1/src/rp2_common/pico_stdio_usb/stdio_usb_descriptors.c.o
LOAD CMakeFiles/HW07.dir/Users/anna/.pico-sdk/sdk/2.1.1/src/rp2_common/pico_unique_id/unique_id.c.o
LOAD CMakeFiles/HW07.dir/Users/anna/.pico-sdk/sdk/2.1.1/src/rp2_common/hardware_flash/flash.c.o
LOAD CMakeFiles/HW07.dir/Users/anna/.pico-sdk/sdk/2.1.1/src/rp2_common/hardware_xip_cache/xip_cache.c.o
LOAD CMakeFiles/HW07.dir/Users/anna/.pico-sdk/sdk/2.1.1/lib/tinyusb/src/portable/raspberrypi/rp2040/dcd_rp2040.c.o
LOAD CMakeFiles/HW07.dir/Users/anna/.pico-sdk/sdk/2.1.1/lib/tinyusb/src/portable/raspberrypi/rp2040/rp2040_usb.c.o
LOAD CMakeFiles/HW07.dir/Users/anna/.pico-sdk/sdk/2.1.1/lib/tinyusb/src/device/usbd.c.o
LOAD CMakeFiles/HW07.dir/Users/anna/.pico-sdk/sdk/2.1.1/lib/tinyusb/src/device/usbd_control.c.o
LOAD CMakeFiles/HW07.dir/Users/anna/.pico-sdk/sdk/2.1.1/lib/tinyusb/src/class/audio/audio_device.c.o
LOAD CMakeFiles/HW07.dir/Users/anna/.pico-sdk/sdk/2.1.1/lib/tinyusb/src/class/cdc/cdc_device.c.o
LOAD CMakeFiles/HW07.dir/Users/anna/.pico-sdk/sdk/2.1.1/lib/tinyusb/src/class/dfu/dfu_device.c.o
LOAD CMakeFiles/HW07.dir/Users/anna/.pico-sdk/sdk/2.1.1/lib/tinyusb/src/class/dfu/dfu_rt_device.c.o
LOAD CMakeFiles/HW07.dir/Users/anna/.pico-sdk/sdk/2.1.1/lib/tinyusb/src/class/hid/hid_device.c.o
LOAD CMakeFiles/HW07.dir/Users/anna/.pico-sdk/sdk/2.1.1/lib/tinyusb/src/class/midi/midi_device.c.o
LOAD CMakeFiles/HW07.dir/Users/anna/.pico-sdk/sdk/2.1.1/lib/tinyusb/src/class/msc/msc_device.c.o
LOAD CMakeFiles/HW07.dir/Users/anna/.pico-sdk/sdk/2.1.1/lib/tinyusb/src/class/net/ecm_rndis_device.c.o
LOAD CMakeFiles/HW07.dir/Users/anna/.pico-sdk/sdk/2.1.1/lib/tinyusb/src/class/net/ncm_device.c.o
LOAD CMakeFiles/HW07.dir/Users/anna/.pico-sdk/sdk/2.1.1/lib/tinyusb/src/class/usbtmc/usbtmc_device.c.o
LOAD CMakeFiles/HW07.dir/Users/anna/.pico-sdk/sdk/2.1.1/lib/tinyusb/src/class/vendor/vendor_device.c.o
LOAD CMakeFiles/HW07.dir/Users/anna/.pico-sdk/sdk/2.1.1/lib/tinyusb/src/class/video/video_device.c.o
LOAD CMakeFiles/HW07.dir/Users/anna/.pico-sdk/sdk/2.1.1/lib/tinyusb/src/tusb.c.o
LOAD CMakeFiles/HW07.dir/Users/anna/.pico-sdk/sdk/2.1.1/lib/tinyusb/src/common/tusb_fifo.c.o
LOAD CMakeFiles/HW07.dir/Users/anna/.pico-sdk/sdk/2.1.1/src/rp2_common/pico_fix/rp2040_usb_device_enumeration/rp2040_usb_device_enumeration.c.o
LOAD CMakeFiles/HW07.dir/Users/anna/.pico-sdk/sdk/2.1.1/src/rp2_common/hardware_adc/adc.c.o
LOAD CMakeFiles/HW07.dir/Users/anna/.pico-sdk/sdk/2.1.1/src/rp2_common/hardware_i2c/i2c.c.o
LOAD pico-sdk/src/rp2350/boot_stage2/CMakeFiles/bs2_default_library.dir/./bs2_default_padded_checksummed.S.o
LOAD /Users/anna/.pico-sdk/toolchain/14_2_Rel1/bin/../lib/gcc/arm-none-eabi/14.2.1/../../../../arm-none-eabi/lib/thumb/v8-m.main+fp/softfp/libstdc++.a
LOAD /Users/anna/.pico-sdk/toolchain/14_2_Rel1/bin/../lib/gcc/arm-none-eabi/14.2.1/../../../../arm-none-eabi/lib/thumb/v8-m.main+fp/softfp/libm.a
START GROUP
LOAD /Users/anna/.pico-sdk/toolchain/14_2_Rel1/bin/../lib/gcc/arm-none-eabi/14.2.1/thumb/v8-m.main+fp/softfp/libgcc.a
LOAD /Users/anna/.pico-sdk/toolchain/14_2_Rel1/bin/../lib/gcc/arm-none-eabi/14.2.1/../../../../arm-none-eabi/lib/thumb/v8-m.main+fp/softfp/libg.a
LOAD /Users/anna/.pico-sdk/toolchain/14_2_Rel1/bin/../lib/gcc/arm-none-eabi/14.2.1/../../../../arm-none-eabi/lib/thumb/v8-m.main+fp/softfp/libc.a
END GROUP
START GROUP
LOAD /Users/anna/.pico-sdk/toolchain/14_2_Rel1/bin/../lib/gcc/arm-none-eabi/14.2.1/thumb/v8-m.main+fp/softfp/libgcc.a
LOAD /Users/anna/.pico-sdk/toolchain/14_2_Rel1/bin/../lib/gcc/arm-none-eabi/14.2.1/../../../../arm-none-eabi/lib/thumb/v8-m.main+fp/softfp/libc.a
LOAD /Users/anna/.pico-sdk/toolchain/14_2_Rel1/bin/../lib/gcc/arm-none-eabi/14.2.1/../../../../arm-none-eabi/lib/thumb/v8-m.main+fp/softfp/libnosys.a
END GROUP
LOAD /Users/anna/.pico-sdk/toolchain/14_2_Rel1/bin/../lib/gcc/arm-none-eabi/14.2.1/thumb/v8-m.main+fp/softfp/crtend.o
LOAD /Users/anna/.pico-sdk/toolchain/14_2_Rel1/bin/../lib/gcc/arm-none-eabi/14.2.1/thumb/v8-m.main+fp/softfp/crtn.o
OUTPUT(HW07.elf elf32-littlearm)
LOAD linker stubs

.rel.dyn        0x10007e08        0x0
 .rel.iplt      0x10007e08        0x0 /Users/anna/.pico-sdk/toolchain/14_2_Rel1/bin/../lib/gcc/arm-none-eabi/14.2.1/thumb/v8-m.main+fp/softfp/crtbegin.o

.ARM.attributes